Archive member included to satisfy reference by file (symbol)

RTAOS.lib(ActivateTask.o)     Rte.o (Os_ActivateTask)
RTAOS.lib(CancelAlarm.o)      Rte_Lib.o (Os_CancelAlarm)
RTAOS.lib(ClearEvent.o)       OsTask_04.o (Os_ClearEvent)
RTAOS.lib(DispatchTask.o)     RTAOS.lib(ActivateTask.o) (Os_Dispatch)
RTAOS.lib(GetEvent.o)         Rte_Lib.o (Os_GetEvent)
RTAOS.lib(GetISRID.o)         Os_ErrorHook.o (Os_GetISRID)
RTAOS.lib(GetResource.o)      Rte_Lib.o (Os_GetResource)
RTAOS.lib(GetTaskID.o)        Os_ErrorHook.o (Os_GetTaskID)
RTAOS.lib(Os_Cfg.o)           RTAOS.lib(ClearEvent.o) (Os_RunningTask)
RTAOS.lib(Os_Cfg_Counters.o)  Rte.o (Os_IncrementCounter_Rte_TOutCounter)
RTAOS.lib(Os_Cfg_KL.o)        RTAOS.lib(Os_Cfg.o) (Os_ActivateTaskKL)
RTAOS.lib(Os_fsb.o)           RTAOS.lib(DispatchTask.o) (@Os_fsb@4)
RTAOS.lib(Os_SetJmp.o)        RTAOS.lib(DispatchTask.o) (Os_SetJmp)
RTAOS.lib(Os_Stack.o)         main.o (Os_GetSP)
RTAOS.lib(ReleaseResource.o)  Rte_Lib.o (Os_ReleaseResource)
RTAOS.lib(ResumeOSInterrupts.o)
                              Rte.o (Os_ResumeOSInterrupts)
RTAOS.lib(SetEvent.o)         Rte.o (Os_SetEvent)
RTAOS.lib(SetRelAlarm.o)      Rte_Lib.o (Os_SetRelAlarm)
RTAOS.lib(StartOS.o)          main.o (Os_StartOS)
RTAOS.lib(StartScheduleTableRel.o)
                              Rte_Lib.o (Os_StartScheduleTableRel)
RTAOS.lib(StopScheduleTable.o)
                              Rte_Lib.o (Os_StopScheduleTable)
RTAOS.lib(SuspendOSInterrupts.o)
                              Rte.o (Os_SuspendOSInterrupts)
RTAOS.lib(TerminateTask.o)    OsTask_0.o (Os_TerminateTask)
RTAOS.lib(vrtaAppMain.o)      C:/Program Files/ETAS/ISOLAR-EVE3.5.0/plugins/com.etas.evetools.toolsfolder_3.5.5/Tools/MinGW/bin/../lib/gcc/i686-w64-mingw32/8.1.0/../../../../i686-w64-mingw32/lib/../lib/crt2.o (main)
RTAOS.lib(vrtaCore.o)         RTAOS.lib(vrtaAppMain.o) (vrtaLoadVM)
RTAOS.lib(vrtaIdleHandling.o)
                              RTAOS.lib(vrtaCore.o) (vrtaRunIdleHandlers)
RTAOS.lib(vrtaLoggerDevice.o)
                              virtualdevices.o (Logger::Logger(char*))
RTAOS.lib(vrtaOSMonitorDevice.o)
                              RTAOS.lib(vrtaAppMain.o) (EnableOsMonitor)
RTAOS.lib(vrtaSampleDevices.o)
                              EVE_SystemClock.o (vrtaBaseClock::Start())
RTAOS.lib(vrtaSystemClock.o)  RTAOS.lib(vrtaSampleDevices.o) (vrtaSystemClockSubscriber::vrtaSystemClockSubscriber())
RTAOS.lib(vrtaSystemClockDevice.o)
                              RTAOS.lib(vrtaSystemClock.o) (SystemClockTickUpdateNotification(unsigned int))
RTAOS.lib(WaitEvent.o)        OsTask_04.o (Os_WaitEvent)
RTAOS.lib(DispatchECC.o)      RTAOS.lib(Os_Cfg.o) (Os_DispatchECC)
RTAOS.lib(GetStackValue.o)    RTAOS.lib(Os_Cfg.o) (Os_GetStackValue)
RTAOS.lib(Os_vectors.o)       RTAOS.lib(vrtaAppMain.o) (Os_InterruptVectorTable)
RTAOS.lib(Os_wrapper.o)       RTAOS.lib(Os_vectors.o) (Os_ISRWrapper)
RTAOS.lib(StackOverrunHook.o)
                              RTAOS.lib(WaitEvent.o) (Os_Cbk_StackOverrunHook)
RTAOS.lib(virtualDevice.o)    RTAOS.lib(vrtaOSMonitorDevice.o) (VirtualDevice::EventHandler(vrtaEvent&))
RTAOS.lib(ShutdownOS.o)       RTAOS.lib(StackOverrunHook.o) (Os_ShutdownOS)
RTAOS.lib(InShutdown.o)       RTAOS.lib(ShutdownOS.o) (Os_Cbk_InShutdown)
C:/Program Files/ETAS/ISOLAR-EVE3.5.0/plugins/com.etas.evetools.toolsfolder_3.5.5/Tools/MinGW/bin/../lib/gcc/i686-w64-mingw32/8.1.0/../../../../i686-w64-mingw32/lib/../lib/libwinmm.a(dcnfs00150.o)
                              RTAOS.lib(vrtaSystemClock.o) (_imp__timeSetEvent@20)
C:/Program Files/ETAS/ISOLAR-EVE3.5.0/plugins/com.etas.evetools.toolsfolder_3.5.5/Tools/MinGW/bin/../lib/gcc/i686-w64-mingw32/8.1.0/../../../../i686-w64-mingw32/lib/../lib/libwinmm.a(dcnfs00149.o)
                              RTAOS.lib(vrtaSystemClock.o) (_imp__timeKillEvent@4)
C:/Program Files/ETAS/ISOLAR-EVE3.5.0/plugins/com.etas.evetools.toolsfolder_3.5.5/Tools/MinGW/bin/../lib/gcc/i686-w64-mingw32/8.1.0/../../../../i686-w64-mingw32/lib/../lib/libwinmm.a(dcnfs00144.o)
                              RTAOS.lib(vrtaSystemClock.o) (_imp__timeBeginPeriod@4)
C:/Program Files/ETAS/ISOLAR-EVE3.5.0/plugins/com.etas.evetools.toolsfolder_3.5.5/Tools/MinGW/bin/../lib/gcc/i686-w64-mingw32/8.1.0/../../../../i686-w64-mingw32/lib/../lib/libwinmm.a(dcnfh.o)
                              C:/Program Files/ETAS/ISOLAR-EVE3.5.0/plugins/com.etas.evetools.toolsfolder_3.5.5/Tools/MinGW/bin/../lib/gcc/i686-w64-mingw32/8.1.0/../../../../i686-w64-mingw32/lib/../lib/libwinmm.a(dcnfs00150.o) (_head_lib32_libwinmm_a)
C:/Program Files/ETAS/ISOLAR-EVE3.5.0/plugins/com.etas.evetools.toolsfolder_3.5.5/Tools/MinGW/bin/../lib/gcc/i686-w64-mingw32/8.1.0/../../../../i686-w64-mingw32/lib/../lib/libwinmm.a(dcnft.o)
                              C:/Program Files/ETAS/ISOLAR-EVE3.5.0/plugins/com.etas.evetools.toolsfolder_3.5.5/Tools/MinGW/bin/../lib/gcc/i686-w64-mingw32/8.1.0/../../../../i686-w64-mingw32/lib/../lib/libwinmm.a(dcnfh.o) (_lib32_libwinmm_a_iname)
[...]
Memory Configuration

Name             Origin             Length             Attributes
*default*        0x00000000         0xffffffff

Linker script and memory map

                0x00400000                __image_base__ = 0x400000
                0x00000000                __dll__ = 0x0
                0x00400000                ___ImageBase = 0x400000
                0x00001000                __section_alignment__ = 0x1000
                0x00000200                __file_alignment__ = 0x200
                0x00000004                __major_os_version__ = 0x4
                0x00000000                __minor_os_version__ = 0x0
                0x00000001                __major_image_version__ = 0x1
                0x00000000                __minor_image_version__ = 0x0
                0x00000004                __major_subsystem_version__ = 0x4
                0x00000000                __minor_subsystem_version__ = 0x0
                0x00000003                __subsystem__ = 0x3
                0x00200000                __size_of_stack_reserve__ = 0x200000
                0x00001000                __size_of_stack_commit__ = 0x1000
                0x00100000                __size_of_heap_reserve__ = 0x100000
                0x00001000                __size_of_heap_commit__ = 0x1000
                0x00000000                __loader_flags__ = 0x0
                0x00000000                __dll_characteristics__ = 0x0
LOAD C:/Program Files/ETAS/ISOLAR-EVE3.5.0/plugins/com.etas.evetools.toolsfolder_3.5.5/Tools/MinGW/bin/../lib/gcc/i686-w64-mingw32/8.1.0/../../../../i686-w64-mingw32/lib/../lib/crt2.o
LOAD C:/Program Files/ETAS/ISOLAR-EVE3.5.0/plugins/com.etas.evetools.toolsfolder_3.5.5/Tools/MinGW/bin/../lib/gcc/i686-w64-mingw32/8.1.0/crtbegin.o
LOAD BswTasks.o
LOAD EVE_SystemClock.o
LOAD main.o
LOAD Os_ErrorHook.o
LOAD Os_Hooks.o
LOAD OsTask_0.o
LOAD OsTask_04.o
LOAD OsTask_1.o
LOAD OsTask_10.o
LOAD OsTask_11.o
LOAD OsTask_12.o
LOAD OsTask_13.o
LOAD OsTask_14.o
LOAD OsTask_15.o
LOAD OsTask_16.o
LOAD OsTask_18.o
LOAD OsTask_19.o
LOAD OsTask_2.o
LOAD OsTask_20.o
LOAD OsTask_21.o
LOAD OsTask_22.o
LOAD OsTask_23.o
LOAD OsTask_24.o
LOAD OsTask_25.o
LOAD OsTask_26.o
LOAD OsTask_3.o
LOAD OsTask_5.o
LOAD OsTask_6.o
LOAD OsTask_7.o
LOAD OsTask_8.o
LOAD Rte.o
LOAD Rte_AccelControlAPP.o
LOAD Rte_AccelPedalSen.o
LOAD Rte_ACT_HYDRAULIC_MODULATOR_FRONTL_COMP.o
LOAD Rte_ACT_HYDRAULIC_MODULATOR_FRONTR_COMP.o
LOAD Rte_ACT_HYDRAULIC_MODULATOR_REARL_COMP.o
LOAD Rte_ACT_HYDRAULIC_MODULATOR_REARR_COMP.o
LOAD Rte_ACT_MOTOR_COMP.o
LOAD Rte_APP_BRAKE_CONTROLL_COMP.o
LOAD Rte_APP_MOTOR_COMP.o
LOAD Rte_AvgSpeed.o
LOAD Rte_BrakePedalSen.o
LOAD Rte_Cylinder_Sen.o
LOAD Rte_ECU_ABS.o
LOAD Rte_Engine_Cycle_ACT.o
LOAD Rte_Engine_Gear_ACT.o
LOAD Rte_EngineApp.o
LOAD Rte_GearModeSen.o
LOAD Rte_Lib.o
LOAD Rte_SEN_BATT_COMP.o
LOAD Rte_SpeedSen.o
LOAD startVecu.o
LOAD target.o
LOAD VECU_SystemClock_ISR.o
LOAD virtualdevices.o
LOAD Vrta_Cfg.o
LOAD RTAOS.lib
LOAD C:/Program Files/ETAS/ISOLAR-EVE3.5.0/plugins/com.etas.evetools.toolsfolder_3.5.5/Tools/MinGW/bin/../lib/gcc/i686-w64-mingw32/8.1.0/../../../../i686-w64-mingw32/lib/../lib/libwinmm.a
LOAD C:/Program Files/ETAS/ISOLAR-EVE3.5.0/plugins/com.etas.evetools.toolsfolder_3.5.5/Tools/MinGW/bin/../lib/gcc/i686-w64-mingw32/8.1.0/../../../../i686-w64-mingw32/lib/../lib/libws2_32.a
LOAD C:/Program Files/ETAS/ISOLAR-EVE3.5.0/plugins/com.etas.evetools.toolsfolder_3.5.5/Tools/MinGW/bin/../lib/gcc/i686-w64-mingw32/8.1.0\libstdc++.a
LOAD C:/Program Files/ETAS/ISOLAR-EVE3.5.0/plugins/com.etas.evetools.toolsfolder_3.5.5/Tools/MinGW/bin/../lib/gcc/i686-w64-mingw32/8.1.0/../../../../i686-w64-mingw32/lib/../lib/libmingw32.a
LOAD C:/Program Files/ETAS/ISOLAR-EVE3.5.0/plugins/com.etas.evetools.toolsfolder_3.5.5/Tools/MinGW/bin/../lib/gcc/i686-w64-mingw32/8.1.0/libgcc.a
LOAD C:/Program Files/ETAS/ISOLAR-EVE3.5.0/plugins/com.etas.evetools.toolsfolder_3.5.5/Tools/MinGW/bin/../lib/gcc/i686-w64-mingw32/8.1.0/libgcc_eh.a
LOAD C:/Program Files/ETAS/ISOLAR-EVE3.5.0/plugins/com.etas.evetools.toolsfolder_3.5.5/Tools/MinGW/bin/../lib/gcc/i686-w64-mingw32/8.1.0/../../../../i686-w64-mingw32/lib/../lib/libmoldname.a
LOAD C:/Program Files/ETAS/ISOLAR-EVE3.5.0/plugins/com.etas.evetools.toolsfolder_3.5.5/Tools/MinGW/bin/../lib/gcc/i686-w64-mingw32/8.1.0/../../../../i686-w64-mingw32/lib/../lib/libmingwex.a
LOAD C:/Program Files/ETAS/ISOLAR-EVE3.5.0/plugins/com.etas.evetools.toolsfolder_3.5.5/Tools/MinGW/bin/../lib/gcc/i686-w64-mingw32/8.1.0/../../../../i686-w64-mingw32/lib/../lib/libmsvcrt.a
LOAD C:/Program Files/ETAS/ISOLAR-EVE3.5.0/plugins/com.etas.evetools.toolsfolder_3.5.5/Tools/MinGW/bin/../lib/gcc/i686-w64-mingw32/8.1.0/../../../../i686-w64-mingw32/lib/../lib/libadvapi32.a
LOAD C:/Program Files/ETAS/ISOLAR-EVE3.5.0/plugins/com.etas.evetools.toolsfolder_3.5.5/Tools/MinGW/bin/../lib/gcc/i686-w64-mingw32/8.1.0/../../../../i686-w64-mingw32/lib/../lib/libshell32.a
LOAD C:/Program Files/ETAS/ISOLAR-EVE3.5.0/plugins/com.etas.evetools.toolsfolder_3.5.5/Tools/MinGW/bin/../lib/gcc/i686-w64-mingw32/8.1.0/../../../../i686-w64-mingw32/lib/../lib/libuser32.a
LOAD C:/Program Files/ETAS/ISOLAR-EVE3.5.0/plugins/com.etas.evetools.toolsfolder_3.5.5/Tools/MinGW/bin/../lib/gcc/i686-w64-mingw32/8.1.0/../../../../i686-w64-mingw32/lib/../lib/libkernel32.a
LOAD C:/Program Files/ETAS/ISOLAR-EVE3.5.0/plugins/com.etas.evetools.toolsfolder_3.5.5/Tools/MinGW/bin/../lib/gcc/i686-w64-mingw32/8.1.0/../../../../i686-w64-mingw32/lib/../lib/libiconv.a
LOAD C:/Program Files/ETAS/ISOLAR-EVE3.5.0/plugins/com.etas.evetools.toolsfolder_3.5.5/Tools/MinGW/bin/../lib/gcc/i686-w64-mingw32/8.1.0/../../../../i686-w64-mingw32/lib/../lib/libmingw32.a
LOAD C:/Program Files/ETAS/ISOLAR-EVE3.5.0/plugins/com.etas.evetools.toolsfolder_3.5.5/Tools/MinGW/bin/../lib/gcc/i686-w64-mingw32/8.1.0/libgcc.a
LOAD C:/Program Files/ETAS/ISOLAR-EVE3.5.0/plugins/com.etas.evetools.toolsfolder_3.5.5/Tools/MinGW/bin/../lib/gcc/i686-w64-mingw32/8.1.0/libgcc_eh.a
LOAD C:/Program Files/ETAS/ISOLAR-EVE3.5.0/plugins/com.etas.evetools.toolsfolder_3.5.5/Tools/MinGW/bin/../lib/gcc/i686-w64-mingw32/8.1.0/../../../../i686-w64-mingw32/lib/../lib/libmoldname.a
LOAD C:/Program Files/ETAS/ISOLAR-EVE3.5.0/plugins/com.etas.evetools.toolsfolder_3.5.5/Tools/MinGW/bin/../lib/gcc/i686-w64-mingw32/8.1.0/../../../../i686-w64-mingw32/lib/../lib/libmingwex.a
LOAD C:/Program Files/ETAS/ISOLAR-EVE3.5.0/plugins/com.etas.evetools.toolsfolder_3.5.5/Tools/MinGW/bin/../lib/gcc/i686-w64-mingw32/8.1.0/../../../../i686-w64-mingw32/lib/../lib/libmsvcrt.a
LOAD C:/Program Files/ETAS/ISOLAR-EVE3.5.0/plugins/com.etas.evetools.toolsfolder_3.5.5/Tools/MinGW/bin/../lib/gcc/i686-w64-mingw32/8.1.0/crtend.o
                0x000003f8                . = SIZEOF_HEADERS
                0x00001000                . = ALIGN (__section_alignment__)

.text           0x00401000    0x23000
 *(.init)
 *(.text)
 .text          0x00401000      0x4e0 C:/Program Files/ETAS/ISOLAR-EVE3.5.0/plugins/com.etas.evetools.toolsfolder_3.5.5/Tools/MinGW/bin/../lib/gcc/i686-w64-mingw32/8.1.0/../../../../i686-w64-mingw32/lib/../lib/crt2.o
                0x00401480                WinMainCRTStartup
                0x004014a0                mainCRTStartup
                0x004014c0                atexit
 .text          0x004014e0       0xe0 C:/Program Files/ETAS/ISOLAR-EVE3.5.0/plugins/com.etas.evetools.toolsfolder_3.5.5/Tools/MinGW/bin/../lib/gcc/i686-w64-mingw32/8.1.0/crtbegin.o
                0x004014e0                __gcc_register_frame
                0x00401590                __gcc_deregister_frame
 .text          0x004015c0        0x0 BswTasks.o
 .text          0x004015c0      0x1a8 EVE_SystemClock.o
                0x004015c0                VECU_SystemClock_Init
                0x0040162d                VECU_SystemClock_Start
                0x00401672                VECU_SystemClock_GetValue
 .text          0x00401768       0x50 main.o
                0x00401768                StartAUTOSAR
                0x004017a3                vrta_app_main
 .text          0x004017b8       0x3c Os_ErrorHook.o
                0x004017b8                ErrorHook
 .text          0x004017f4       0x7c Os_Hooks.o
                0x004017f4                StartupHook
                0x00401802                ShutdownHook
                0x00401811                Os_Cbk_Idle
                0x0040184a                Os_Cbk_GetStopwatch
                0x0040185d                Os_Cbk_CheckMemoryAccess
 .text          0x00401870      0x3d4 OsTask_0.o
                0x00401870                Os_Entry_OsTask_0
 .text          0x00401c44       0x28 OsTask_04.o
                0x00401c44                Os_Entry_OsTask_04
 .text          0x00401c6c       0x28 OsTask_1.o
                0x00401c6c                Os_Entry_OsTask_1
 .text          0x00401c94       0x28 OsTask_10.o
                0x00401c94                Os_Entry_OsTask_10
 .text          0x00401cbc       0x28 OsTask_11.o
                0x00401cbc                Os_Entry_OsTask_11
 .text          0x00401ce4       0x28 OsTask_12.o
                0x00401ce4                Os_Entry_OsTask_12
 .text          0x00401d0c       0x14 OsTask_13.o
                0x00401d0c                Os_Entry_OsTask_13
 .text          0x00401d20       0x28 OsTask_14.o
                0x00401d20                Os_Entry_OsTask_14
 .text          0x00401d48       0x30 OsTask_15.o
                0x00401d48                Os_Entry_OsTask_15
 .text          0x00401d78       0x28 OsTask_16.o
                0x00401d78                Os_Entry_OsTask_16
 .text          0x00401da0       0x14 OsTask_18.o
                0x00401da0                Os_Entry_OsTask_18
 .text          0x00401db4       0x28 OsTask_19.o
                0x00401db4                Os_Entry_OsTask_19
 .text          0x00401ddc       0x14 OsTask_2.o
                0x00401ddc                Os_Entry_OsTask_2
 .text          0x00401df0       0x28 OsTask_20.o
                0x00401df0                Os_Entry_OsTask_20
 .text          0x00401e18       0x28 OsTask_21.o
                0x00401e18                Os_Entry_OsTask_21
 .text          0x00401e40       0x28 OsTask_22.o
                0x00401e40                Os_Entry_OsTask_22
 .text          0x00401e68       0x28 OsTask_23.o
                0x00401e68                Os_Entry_OsTask_23
 .text          0x00401e90       0x28 OsTask_24.o
                0x00401e90                Os_Entry_OsTask_24
 .text          0x00401eb8       0x28 OsTask_25.o
                0x00401eb8                Os_Entry_OsTask_25
 .text          0x00401ee0       0x14 OsTask_26.o
                0x00401ee0                Os_Entry_OsTask_26
 .text          0x00401ef4       0x28 OsTask_3.o
                0x00401ef4                Os_Entry_OsTask_3
 .text          0x00401f1c       0x28 OsTask_5.o
                0x00401f1c                Os_Entry_OsTask_5
 .text          0x00401f44       0x28 OsTask_6.o
                0x00401f44                Os_Entry_OsTask_6
 .text          0x00401f6c       0x28 OsTask_7.o
                0x00401f6c                Os_Entry_OsTask_7
 .text          0x00401f94       0x28 OsTask_8.o
                0x00401f94                Os_Entry_OsTask_8
 .text          0x00401fbc      0xac8 Rte.o
                0x00401fbc                Rte_Call_ACT_HYDRAULIC_MODULATOR_FRONTL_COMP_ACT_HM_FL_Client_set_E_op
                0x00402010                Rte_DRead_ACT_HYDRAULIC_MODULATOR_FRONTL_COMP_ACT_HM_FL_Recv_modedata
                0x00402026                Rte_Call_ACT_HYDRAULIC_MODULATOR_FRONTR_COMP_ACT_HM_FR_Client_set_E_op
                0x0040207a                Rte_DRead_ACT_HYDRAULIC_MODULATOR_FRONTR_COMP_ACT_HM_FR_Recv_modedata
                0x00402090                Rte_Call_ACT_HYDRAULIC_MODULATOR_REARL_COMP_ACT_HM_RL_Client_set_E_op
                0x004020e4                Rte_DRead_ACT_HYDRAULIC_MODULATOR_REARL_COMP_ACT_HM_RL_Recv_modedata
                0x004020fa                Rte_Call_ACT_HYDRAULIC_MODULATOR_REARR_COMP_ACT_HM_RR_Client_set_E_op
                0x0040214e                Rte_DRead_ACT_HYDRAULIC_MODULATOR_REARR_COMP_ACT_HM_RR_Recv_modedata
                0x00402164                Rte_Call_ACT_MOTOR_COMP_CS_MOTOR_Client_motor_act_op
                0x004021b8                Rte_DRead_ACT_MOTOR_COMP_SR_MOTOR_SPEED_Recv_motor_speed_data
                0x004021cf                Rte_DRead_APP_BRAKE_CONTROLL_COMP_APP_Speed_Receive_backleft
                0x004021ed                Rte_DRead_APP_BRAKE_CONTROLL_COMP_APP_Speed_Receive_backright
                0x0040220b                Rte_DRead_APP_BRAKE_CONTROLL_COMP_APP_Speed_Receive_frontleft
                0x00402229                Rte_DRead_APP_BRAKE_CONTROLL_COMP_APP_Speed_Receive_frontright
                0x00402247                Rte_Write_APP_BRAKE_CONTROLL_COMP_APP_FL_Mode_Send_modedata
                0x00402286                Rte_Write_APP_BRAKE_CONTROLL_COMP_APP_FR_Mode_Send_modedata
                0x004022c5                Rte_Write_APP_BRAKE_CONTROLL_COMP_APP_RL_Mode_Send_modedata
                0x00402304                Rte_Write_APP_BRAKE_CONTROLL_COMP_APP_RR_Mode_Send_modedata
                0x00402343                Rte_DRead_APP_MOTOR_COMP_SR_BATT_Recv_batt_data
                0x00402359                Rte_DRead_APP_MOTOR_COMP_SR_PWM_Recv_pwm_data
                0x0040236f                Rte_Trigger_APP_MOTOR_COMP_TR_BATT_LOW_set_low
                0x0040238b                Rte_Trigger_APP_MOTOR_COMP_TR_BATT_LOW_set_normal
                0x004023a7                Rte_Write_APP_MOTOR_COMP_SR_MOTOR_SPEED_Send_motor_speed_data
                0x004023c8                Rte_DRead_AccelControlAPP_R_Accel_accel_value
                0x004023de                Rte_DRead_AccelControlAPP_R_AvgSpeed_avg_speed_data
                0x004023f2                Rte_DRead_AccelControlAPP_R_Brake_brake_value
                0x00402408                Rte_DRead_AccelControlAPP_R_Gear_gear_value
                0x0040241e                Rte_Write_AccelControlAPP_P_EnginePower_powerValue
                0x0040243f                Rte_Write_AccelControlAPP_P_PWM_pwm_data
                0x0040245e                Rte_Call_AccelPedalSen_RPort_get_AccelPedal_Status
                0x004024b2                Rte_Write_AccelPedalSen_toApp_PPort_accel_value
                0x004024d1                Rte_DRead_AvgSpeed_R_4speeds_backleft
                0x004024ef                Rte_DRead_AvgSpeed_R_4speeds_backright
                0x0040250d                Rte_DRead_AvgSpeed_R_4speeds_frontleft
                0x0040252b                Rte_DRead_AvgSpeed_R_4speeds_frontright
                0x00402549                Rte_Write_AvgSpeed_P_avg_speed_avg_speed_data
                0x0040256e                Rte_Call_BrakePedalSen_RPort_get_BrakePedal_Status
                0x004025c2                Rte_Write_BrakePedalSen_toApp_PPort_brake_value
                0x004025e1                Rte_Call_Cylinder_Sen_Rport_get_cylinder_Status
                0x00402640                Rte_Write_Cylinder_Sen_Pport_pressure
                0x00402659                Rte_Write_Cylinder_Sen_Pport_temperature
                0x00402672                Rte_DRead_EngineApp_Cylinder_Rport_pressure
                0x00402686                Rte_DRead_EngineApp_Cylinder_Rport_temperature
                0x0040269a                Rte_DRead_EngineApp_Power_Rport_powerValue
                0x004026b1                Rte_Trigger_EngineApp_PhyGear_Pport_level1
                0x004026ce                Rte_Trigger_EngineApp_PhyGear_Pport_level2
                0x004026eb                Rte_Trigger_EngineApp_PhyGear_Pport_level3
                0x00402708                Rte_Write_EngineApp_CycleData_Pport_infoArray
                0x0040272c                Rte_Call_Engine_Cycle_ACT_Engine_Cleintport_set_engine
                0x00402798                Rte_Read_Engine_Cycle_ACT_CycleData_Rport_infoArray
                0x004027bd                Rte_Call_Engine_Gear_ACT_phyGear_relayPport_set_phygear
                0x0040280f                Rte_Call_GearModeSen_RPort_get_Gear_Mode
                0x00402863                Rte_Write_GearModeSen_toApp_PPort_gear_value
                0x00402882                Rte_Call_SEN_BATT_COMP_CS_BATT_Receive_batt_sen_op
                0x004028d6                Rte_Write_SEN_BATT_COMP_SR_BATT_Send_batt_data
                0x004028f5                Rte_Call_SpeedSen_RPort_get_Tire_RPM
                0x00402968                Rte_Write_SpeedSen_toApp_PPort_backleft
                0x004029ab                Rte_Write_SpeedSen_toApp_PPort_backright
                0x004029ee                Rte_Write_SpeedSen_toApp_PPort_frontleft
                0x00402a31                Rte_Write_SpeedSen_toApp_PPort_frontright
                0x00402a74                Rte_Tick_Timeouts
 .text          0x00402a84      0x29c Rte_AccelControlAPP.o
                0x00402a84                RE_battary_is_normal_func
                0x00402a90                RE_battary_is_low_func
                0x00402a9c                RE_Control_func
 .text          0x00402d20       0x20 Rte_AccelPedalSen.o
                0x00402d20                RE_AccelPedalSen_func
 .text          0x00402d40       0x50 Rte_ACT_HYDRAULIC_MODULATOR_FRONTL_COMP.o
                0x00402d40                RE_ACT_FL_Data_Recev_func
 .text          0x00402d90       0x50 Rte_ACT_HYDRAULIC_MODULATOR_FRONTR_COMP.o
                0x00402d90                RE_ACT_FR_Data_Recev_func
 .text          0x00402de0       0x50 Rte_ACT_HYDRAULIC_MODULATOR_REARL_COMP.o
                0x00402de0                RE_ACT_RL_Data_Recev_func
 .text          0x00402e30       0x50 Rte_ACT_HYDRAULIC_MODULATOR_REARR_COMP.o
                0x00402e30                RE_ACT_RR_Data_Recev_func
 .text          0x00402e80       0x20 Rte_ACT_MOTOR_COMP.o
                0x00402e80                RE_ACT_MOTOR_func
 .text          0x00402ea0     0x134c Rte_APP_BRAKE_CONTROLL_COMP.o
                0x00402ea0                RE_APP_FL_DATA_RECEV_func
                0x004036b3                RE_APP_FR_DATA_RECEV_func
                0x00403a6f                RE_APP_RL_DATA_RECEV_func
                0x00403e2d                RE_APP_RR_DATA_RECEV_func
 .text          0x004041ec      0x118 Rte_APP_MOTOR_COMP.o
                0x004041ec                RE_APP_MOTOR_ACT_func
                0x00404299                RE_APP_MOTOR_batt_pwm_func
 .text          0x00404304      0x1e4 Rte_AvgSpeed.o
                0x00404304                RE_Avg_func
 .text          0x004044e8       0x1c Rte_BrakePedalSen.o
                0x004044e8                RE_BrakePedalSen_func
 .text          0x00404504       0x48 Rte_Cylinder_Sen.o
                0x00404504                RunnableEntity_0_func
 .text          0x0040454c      0x1bc Rte_ECU_ABS.o
                0x0040454c                RE_PTireRPM_func
                0x00404589                RE_PBrakePedal_func
                0x0040459e                RE_PHMFrontL_func
                0x004045c0                RE_ECU_ABS_MOTOR_func
                0x004045e5                RE_ECU_ABS_BATT_func
                0x004045fa                RE_PGearMode_func
                0x0040460f                RE_PAccelPedal_func
                0x00404624                RE_SeverGear_func
                0x0040463f                RE_PCylinder_func
                0x00404662                RE_SeverEngine_func
                0x004046a1                RE_PHMRearR_func
                0x004046c3                RE_PHMRearL_func
                0x004046e5                RE_PHMFrontR_func
 .text          0x00404708       0xb0 Rte_Engine_Cycle_ACT.o
                0x00404708                RE_Engine_Cycle_ACT_func
 .text          0x004047b8       0x40 Rte_Engine_Gear_ACT.o
                0x004047b8                RE_EG_level1_ACT_func
                0x004047cd                RE_EG_level2_ACT_func
                0x004047e2                RE_EG_level3_ACT_func
 .text          0x004047f8       0xe0 Rte_EngineApp.o
                0x004047f8                RE_EngineApp_func
 .text          0x004048d8       0x1c Rte_GearModeSen.o
                0x004048d8                RE_GearModeSen_func
 .text          0x004048f4      0x6f8 Rte_Lib.o
                0x004048f4                Rte_ActivateRE
                0x00404940                Rte_DecrementWaitingCount
                0x004049d3                Rte_GetCurrentTaskIndex
                0x00404a28                Rte_MainFunction
                0x00404a2a                Rte_ReadQueue
                0x00404b3b                Rte_SetEvent
                0x00404bd4                Rte_Start
                0x00404c07                Rte_Stop
                0x00404c32                SchM_Init
                0x00404c46                SchM_Deinit
                0x00404c5a                Rte_WaitWithTimeout
                0x00404ded                Rte_WriteQueue
 .text          0x00404fec      0x10c Rte_SEN_BATT_COMP.o
                0x00404fec                RE_SEN_BATT_func
 .text          0x004050f8       0xb0 Rte_SpeedSen.o
                0x004050f8                RE_SpeedSen_func
 .text          0x004051a8       0x1c startVecu.o
                0x004051a8                startVecu
 .text          0x004051c4       0x78 target.o
                0x004051c4                InitializeDevices()
                0x004051d2                TargetInit
                0x004051e0                TargetEnableInterrupts
                0x0040522e                TargetReadClock
 .text          0x0040523c       0x58 VECU_SystemClock_ISR.o
                0x0040523c                Os_Entry_VECU_SystemClock_ISR
 .text          0x00405294      0x420 virtualdevices.o
                0x00405294                AccelSensorValue
                0x004052a6                BrakeSensorValue
                0x004052b8                GearSwitchValue
                0x004052ca                SpinSensor1Value
                0x004052dc                SpinSensor2Value
                0x004052ee                SpinSensor3Value
                0x00405300                SpinSensor4Value
                0x00405312                cylinderTempSensorValue
                0x00405324                cylinderPressSensorValue
                0x00405336                FL_Speed_SensorValue
                0x00405348                BatterySensorValue
                0x0040535a                setFL_HydraulicModulatorVolt
                0x00405376                setFR_HydraulicModulatorVolt
                0x00405392                setRL_HydraulicModulatorVolt
                0x004053ae                setRR_HydraulicModulatorVolt
                0x004053ca                setPhysicGearActuator
                0x004053e6                setEngineflag
                0x00405402                setEngineIgniteActuator
                0x0040541e                setEngineFuelActuator
                0x0040543a                setMotorActuatorLevel
                0x00405456                status_printf
                0x00405486                DebugSensorValue
                0x00405498                gettempInput
 .text          0x004056b4       0xdc Vrta_Cfg.o
                0x004056b4                vrtaActionHandler
                0x0040572d                EnableVrtaFlash
                0x0040573b                EnableVrtaPort
                0x00405749                EnableVrtaAdc
                0x00405757                EnableVrtaPwm
                0x00405765                EnableVrtaIcu
                0x00405773                EnableVrtaCan
                0x00405781                EnableVrtaCanTrcv
 .text          0x00405790       0xc0 RTAOS.lib(ActivateTask.o)
                0x00405790                Os_ActivateTask
 .text          0x00405850       0x50 RTAOS.lib(CancelAlarm.o)
                0x00405850                Os_CancelAlarm
 .text          0x004058a0       0x40 RTAOS.lib(ClearEvent.o)
                0x004058a0                Os_ClearEvent
 .text          0x004058e0      0x310 RTAOS.lib(DispatchTask.o)
                0x004058e0                Os_Dispatch
 .text          0x00405bf0       0x40 RTAOS.lib(GetEvent.o)
                0x00405bf0                Os_GetEvent
 .text          0x00405c30       0x20 RTAOS.lib(GetISRID.o)
                0x00405c30                Os_GetISRID
 .text          0x00405c50       0x80 RTAOS.lib(GetResource.o)
                0x00405c50                Os_GetResource
 .text          0x00405cd0       0x20 RTAOS.lib(GetTaskID.o)
                0x00405cd0                Os_GetTaskID
 .text          0x00405cf0      0x200 RTAOS.lib(Os_Cfg.o)
                0x00405cf0                Os_StartOS_DataInit
                0x00405e40                Os_StartOS_StartAuto
 .text          0x00405ef0      0x330 RTAOS.lib(Os_Cfg_Counters.o)
                0x00405ef0                Os_IncrementCounter_Rte_TOutCounter
                0x00406000                Os_CounterRelativeStart
                0x00406030                Os_PerformEP
                0x00406180                Os_IncrementCounter_Rte_TickCounter
 .text          0x00406220       0x70 RTAOS.lib(Os_Cfg_KL.o)
                0x00406220                Os_ActivateTaskKL
 .text          0x00406290       0x10 RTAOS.lib(Os_fsb.o)
                0x00406290                @Os_fsb@4
 .text          0x004062a0       0x40 RTAOS.lib(Os_SetJmp.o)
                0x004062a0                Os_SetJmp
                0x004062c0                Os_LongJmp
 .text          0x004062e0       0x40 RTAOS.lib(Os_Stack.o)
                0x004062e0                Os_GetSP
                0x004062f0                Os_ExtendStack
 .text          0x00406320       0x70 RTAOS.lib(ReleaseResource.o)
                0x00406320                Os_ReleaseResource
 .text          0x00406390       0x40 RTAOS.lib(ResumeOSInterrupts.o)
                0x00406390                Os_ResumeOSInterrupts
 .text          0x004063d0      0x150 RTAOS.lib(SetEvent.o)
                0x004063d0                Os_SetEvent
                0x004064a0                Os_SetEventKL
 .text          0x00406520       0xb0 RTAOS.lib(SetRelAlarm.o)
                0x00406520                Os_SetRelAlarm
 .text          0x004065d0       0x90 RTAOS.lib(StartOS.o)
                0x004065d0                Os_StartOS
 .text          0x00406660       0x80 RTAOS.lib(StartScheduleTableRel.o)
                0x00406660                Os_StartScheduleTableRel
 .text          0x004066e0       0x50 RTAOS.lib(StopScheduleTable.o)
                0x004066e0                Os_StopScheduleTable
 .text          0x00406730       0x60 RTAOS.lib(SuspendOSInterrupts.o)
                0x00406730                Os_SuspendOSInterrupts
 .text          0x00406790       0x50 RTAOS.lib(TerminateTask.o)
                0x00406790                Os_TerminateTask
 .text          0x004067e0      0x160 RTAOS.lib(vrtaAppMain.o)
                0x004067e0                vrtaFireISR
                0x00406830                Os_VRTA_IsDisabledInterrupt
                0x00406880                Os_VRTA_ClearPendingInterrupt
                0x004068c0                Os_VRTA_EnableInterrupt
                0x00406900                Os_VRTA_DisableInterrupt
 .text          0x00406940     0x1090 RTAOS.lib(vrtaCore.o)
                0x00407250                vrtaDevice::WriteToPersistentStorage(unsigned short*, unsigned char**)
                0x00407290                vrtaDevice::ReadFromPersistentStorage(unsigned short*, unsigned char**)
                0x004072f0                vrtaReadHPTime
                0x00407360                vrtaReadHPCycles
                0x00407390                vrtaLoadVM
                0x004073b0                vrtaUnloadVM()
                0x004073c0                vrtaSendAction
                0x004073d0                vrtaRaiseEvent
                0x004073e0                vrtaGetState
                0x004073f0                vrtaEventRegister
                0x00407400                vrtaEventUnregister
                0x00407410                vrtaHookEvent
                0x00407430                vrtaHookEventNotifications
                0x00407440                vrtaStart
                0x00407450                vrtaStartCore
                0x00407490                vrtaGetCoreICUID
                0x004074c0                vrtaTerminate
                0x00407520                vrtaReset
                0x00407530                vrtaEnterUninterruptibleSection
                0x00407540                vrtaLeaveUninterruptibleSection
                0x00407550                vrtaEnterGlobalUninterruptibleSection
                0x00407570                vrtaLeaveGlobalUninterruptibleSection
                0x00407590                vrtaIsIdle
                0x00407600                vrtaLowPowerIdleEnable
                0x00407610                vrtaLowPowerIdleEnabled
                0x00407620                vrtaLowPowerIdle
                0x00407650                vrtaYield
                0x00407690                vrtaSpawnThread
                0x004076a0                vrtaInitialize
                0x004076d0                vrtaAddCore
                0x00407700                vrtaGetCoreID
                0x00407720                vrtaRegisterVirtualDevice
                0x00407730                vrtaIsAppThread
                0x00407740                vrtaIsAppFinished
                0x00407750                vrtaIsAppRunning
                0x00407760                vrtaNoneUserThread
                0x00407770                vrtaCoreCount
                0x00407790                vrtaOSGetUserStackBase
                0x004077a0                vrtaOSSetInterruptDeferVar
                0x004077b0                vrtaOSSetIPL
                0x004077c0                vrtaOSGetIPL
                0x004077d0                vrtaOSSetIrqMask
                0x004077e0                vrtaOSClearIrqMask
                0x004077f0                vrtaOSSetIrqPending
                0x00407800                vrtaOSClearIrqPending
                0x00407810                vrtaOSIsIrqPending
                0x00407820                vrtaDevice::vrtaDevice(char*, char*, char*, char*)
                0x00407820                vrtaDevice::vrtaDevice(char*, char*, char*, char*)
                0x004078b0                vrtaDevice::AssignCore(unsigned short)
                0x004078d0                vrtaDevice::RaiseEvent(vrtaEvent&)
                0x004078f0                vrtaDevice::GetState(unsigned short, vrtaEvent&)
                0x00407910                vrtaDevice::SendAction(unsigned short, vrtaAction&)
                0x00407930                vrtaDevice::RaiseInterrupt(unsigned int)
                0x004079a0                vrtaDevice::SpawnThread(void (*)())
                0x004079c0                vrtaDevice::PersistThroughReset(unsigned int)
 .text          0x004079d0       0xb0 RTAOS.lib(vrtaIdleHandling.o)
                0x004079d0                vrtaIdleSubscriber::vrtaIdleSubscriber()
                0x004079d0                vrtaIdleSubscriber::vrtaIdleSubscriber()
                0x004079e0                vrtaIdleSubscriber::Subscribe(vrtaIdleSubscriber*)
                0x00407a00                vrtaRunIdleHandlers
 .text          0x00407a80      0xab0 RTAOS.lib(vrtaLoggerDevice.o)
                0x00407a80                Logger::GetPersistentDataSize()
                0x00407a90                Logger::GetPersistentData()
                0x00407aa0                Logger::Starting()
                0x00407c20                Logger::SetPersistentData(unsigned char*, unsigned short)
                0x00407c50                Logger::AsyncGetState(vrtaEvent*)
                0x00407d20                Logger::Logger(char*)
                0x00407d20                Logger::Logger(char*)
                0x00407da0                Logger::Logger(char*, Logger&)
                0x00407da0                Logger::Logger(char*, Logger&)
                0x00407e10                Logger::setfile(char*)
                0x00407f60                Logger::Logger(char*, char*)
                0x00407f60                Logger::Logger(char*, char*)
                0x00407fe0                Logger::setduplicate(char*)
                0x00408130                Logger::Logger(char*, char*, char*)
                0x00408130                Logger::Logger(char*, char*, char*)
                0x004081c0                Logger::Stopping()
                0x004081f0                Logger::UpdateText()
                0x00408340                Logger::print(char*)
                0x004083b0                Logger::OnAction(vrtaAction const*)
                0x00408420                Logger::print(char*, unsigned int)
                0x004084a0                Logger::printf(char*, char*)
                0x00408500                Logger::printf(char*, ...)
 .text          0x00408530       0x50 RTAOS.lib(vrtaOSMonitorDevice.o)
                0x00408530                OSIdleHandler::Idle(unsigned int)
                0x00408570                EnableOsMonitor
 .text          0x00408580     0x1b20 RTAOS.lib(vrtaSampleDevices.o)
                0x00408580                vrtaBaseClock::SetPersistentData(unsigned char*, unsigned short)
                0x004085a0                vrtaBaseClock::Starting()
                0x004085b0                vrtaBaseClock::AsyncGetState(vrtaEvent*)
                0x00408640                vrtaClock::initialize_clock()
                0x00408660                vrtaComparable::SetPersistentData(unsigned char*, unsigned short)
                0x00408670                vrtaCounter::SetPersistentData(unsigned char*, unsigned short)
                0x004086a0                vrtaCounter::Starting()
                0x004086a0                vrtaCounter::Stopping()
                0x004086b0                vrtaCounter::AsyncGetState(vrtaEvent*)
                0x00408710                vrtaCompare::SetPersistentData(unsigned char*, unsigned short)
                0x00408730                vrtaCompare::OnAction(vrtaAction const*)
                0x00408770                vrtaCompare::AsyncGetState(vrtaEvent*)
                0x004087f0                vrtaSensor::SetPersistentData(unsigned char*, unsigned short)
                0x00408810                vrtaSensor::AsyncGetState(vrtaEvent*)
                0x00408870                vrtaActuator::SetPersistentData(unsigned char*, unsigned short)
                0x00408890                vrtaActuator::AsyncGetState(vrtaEvent*)
                0x004088f0                vrtaIO::GetPersistentDataSize()
                0x00408900                vrtaIO::GetPersistentData()
                0x00408910                vrtaIO::OnAction(vrtaAction const*)
                0x00408a30                vrtaClock::ResetClock()
                0x00408aa0                vrtaIO::Stopping()
                0x00408ad0                vrtaIO::SetPersistentData(unsigned char*, unsigned short)
                0x00408b10                vrtaIO::AsyncGetState(vrtaEvent*)
                0x00408bf0                vrtaBaseClock::Tick()
                0x00408c10                non-virtual thunk to vrtaBaseClock::Tick()
                0x00408c20                vrtaAdaptiveClock::Tick()
                0x00408c50                non-virtual thunk to vrtaAdaptiveClock::Tick()
                0x00408c60                vrtaClock::Stopping()
                0x00408ca0                vrtaIO::Starting()
                0x00408d00                vrtaClock::Stop()
                0x00408da0                vrtaBaseClock::Start()
                0x00408e20                vrtaBaseClock::vrtaBaseClock(char*, unsigned int, char*, char*, char*, bool)
                0x00408e20                vrtaBaseClock::vrtaBaseClock(char*, unsigned int, char*, char*, char*, bool)
                0x00408e90                vrtaBaseClock::vrtaBaseClock(char*, unsigned int, bool)
                0x00408e90                vrtaBaseClock::vrtaBaseClock(char*, unsigned int, bool)
                0x00408f00                vrtaBaseClock::~vrtaBaseClock()
                0x00408f00                vrtaBaseClock::~vrtaBaseClock()
                0x00408f30                non-virtual thunk to vrtaBaseClock::~vrtaBaseClock()
                0x00408f40                vrtaBaseClock::~vrtaBaseClock()
                0x00408f90                non-virtual thunk to vrtaBaseClock::~vrtaBaseClock()
                0x00408fa0                vrtaBaseClock::SetInterval(unsigned int)
                0x00409040                vrtaBaseClock::SetScale(unsigned int, unsigned int)
                0x004090d0                vrtaBaseClock::OnAction(vrtaAction const*)
                0x00409160                vrtaAdaptiveClock::OnAction(vrtaAction const*)
                0x004091a0                vrtaClock::vrtaClock(char*, unsigned int, bool)
                0x004091a0                vrtaClock::vrtaClock(char*, unsigned int, bool)
                0x00409200                vrtaClock::vrtaClock(char*, unsigned int, char*, char*, char*, bool)
                0x00409200                vrtaClock::vrtaClock(char*, unsigned int, char*, char*, char*, bool)
                0x00409270                vrtaAdaptiveClock::vrtaAdaptiveClock(char*, unsigned int, bool)
                0x00409270                vrtaAdaptiveClock::vrtaAdaptiveClock(char*, unsigned int, bool)
                0x004092e0                vrtaAdaptiveClock::InjectTick()
                0x00409330                vrtaCounter::vrtaCounter(char*, char*, vrtaBaseClock&)
                0x00409330                vrtaCounter::vrtaCounter(char*, char*, vrtaBaseClock&)
                0x004093a0                vrtaCounter::Start()
                0x004093b0                vrtaCounter::Stop()
                0x004093c0                vrtaCompare::vrtaCompare(char*, vrtaComparable&, unsigned int, unsigned int)
                0x004093c0                vrtaCompare::vrtaCompare(char*, vrtaComparable&, unsigned int, unsigned int)
                0x00409430                vrtaCompare::SetMatch(unsigned int)
                0x00409440                vrtaCompare::SetVector(unsigned int)
                0x00409450                vrtaCompare::NewValue(unsigned int)
                0x00409520                vrtaComparable::CheckComparators()
                0x00409550                vrtaCounter::SetMin(unsigned int)
                0x004095b0                vrtaCounter::SetMax(unsigned int)
                0x00409610                vrtaCounter::OnAction(vrtaAction const*)
                0x00409700                vrtaCounter::SetVal(unsigned int)
                0x00409760                vrtaUpCounter::Tick()
                0x004097c0                vrtaDownCounter::Tick()
                0x00409820                vrtaSensor::SetVal(unsigned int)
                0x004098d0                vrtaActuator::SetVal(unsigned int)
                0x00409980                vrtaSensor::vrtaSensor(char*)
                0x00409980                vrtaSensor::vrtaSensor(char*)
                0x004099d0                vrtaSensor::vrtaSensor(char*, char*, char*, char*)
                0x004099d0                vrtaSensor::vrtaSensor(char*, char*, char*, char*)
                0x00409a20                vrtaSensor::SetMax(unsigned int)
                0x00409b30                vrtaSensor::OnAction(vrtaAction const*)
                0x00409b90                vrtaSensorToggleSwitch::vrtaSensorToggleSwitch(char*)
                0x00409b90                vrtaSensorToggleSwitch::vrtaSensorToggleSwitch(char*)
                0x00409be0                vrtaSensorMultiwaySwitch::vrtaSensorMultiwaySwitch(char*, unsigned int)
                0x00409be0                vrtaSensorMultiwaySwitch::vrtaSensorMultiwaySwitch(char*, unsigned int)
                0x00409c30                vrtaActuator::vrtaActuator(char*)
                0x00409c30                vrtaActuator::vrtaActuator(char*)
                0x00409c80                vrtaActuator::vrtaActuator(char*, char*)
                0x00409c80                vrtaActuator::vrtaActuator(char*, char*)
                0x00409cd0                vrtaActuator::SetMax(unsigned int)
                0x00409de0                vrtaActuator::OnAction(vrtaAction const*)
                0x00409e40                vrtaActuatorLight::vrtaActuatorLight(char*)
                0x00409e40                vrtaActuatorLight::vrtaActuatorLight(char*)
                0x00409e90                vrtaActuatorDimmableLight::vrtaActuatorDimmableLight(char*, unsigned int)
                0x00409e90                vrtaActuatorDimmableLight::vrtaActuatorDimmableLight(char*, unsigned int)
                0x00409ee0                vrtaActuatorMultiColorLight::vrtaActuatorMultiColorLight(char*, unsigned int)
                0x00409ee0                vrtaActuatorMultiColorLight::vrtaActuatorMultiColorLight(char*, unsigned int)
                0x00409f30                vrtaIO::vrtaIO(char*, unsigned int)
                0x00409f30                vrtaIO::vrtaIO(char*, unsigned int)
                0x00409f80                vrtaIO::vrtaIO(char*, unsigned int, char*, char*, char*)
                0x00409f80                vrtaIO::vrtaIO(char*, unsigned int, char*, char*, char*)
                0x00409fd0                vrtaIO::Init(unsigned int)
                0x00409ff0                vrtaIO::SetValue(unsigned int, unsigned int)
                0x0040a010                vrtaIO::SetValues(unsigned int, unsigned int const*, unsigned int)
                0x0040a060                vrtaIO::GetValue(unsigned int) const
                0x0040a090                vrtaIO::GetValues() const
 .text          0x0040a0a0      0xd30 RTAOS.lib(vrtaSystemClock.o)
                0x0040a280                vrtaSystemClockSubscriber::vrtaSystemClockSubscriber()
                0x0040a280                vrtaSystemClockSubscriber::vrtaSystemClockSubscriber()
                0x0040a2a0                vrtaSystemClockType::vrtaSystemClockType()
                0x0040a2a0                vrtaSystemClockType::vrtaSystemClockType()
                0x0040a350                vrtaSystemClockType::Scale()
                0x0040a360                vrtaSystemClockType::Scale(unsigned int)
                0x0040a3b0                vrtaSystemClockType::Auto()
                0x0040a410                vrtaSystemClockType::IsAuto()
                0x0040a430                vrtaSystemClockType::ManualCanDoLowPower(bool)
                0x0040a450                vrtaSystemClockType::ManualCanDoLowPower()
                0x0040a470                vrtaSystemClockType::ManualFreezesOS(bool)
                0x0040a480                vrtaSystemClockType::Manual(unsigned int)
                0x0040a4c0                vrtaSystemClockType::ManualTicksRemaining()
                0x0040a4d0                vrtaSystemClockType::ManualTicksCompleted()
                0x0040a550                vrtaSystemClockType::IsManual()
                0x0040a560                vrtaSystemClockType::IdleTick()
                0x0040a5c0                vrtaSystemClockType::IsIdleTicked()
                0x0040a5d0                vrtaSystemClockType::Tick()
                0x0040a5f0                vrtaSystemClockType::Pause()
                0x0040a600                vrtaSystemClockType::IsPaused()
                0x0040a610                vrtaSystemClockType::Resume()
                0x0040a620                vrtaSystemClockType::MillisecondsCount()
                0x0040a630                vrtaSystemClockType::TickCount()
                0x0040a640                vrtaSystemClockType::Unsubscribe(vrtaSystemClockSubscriber*)
                0x0040a6d0                vrtaSystemClockSubscriber::~vrtaSystemClockSubscriber()
                0x0040a6d0                vrtaSystemClockSubscriber::~vrtaSystemClockSubscriber()
                0x0040a700                vrtaSystemClockSubscriber::~vrtaSystemClockSubscriber()
                0x0040a740                vrtaSystemClockType::Subscribe(vrtaSystemClockSubscriber*)
                0x0040a840                vrtaSystemClockType::FavourFixedInterval(unsigned int)
                0x0040a8a0                vrtaSystemClockType::IsFavourFixedInterval()
                0x0040a8b0                vrtaCustomTickSource::vrtaCustomTickSource(unsigned int)
                0x0040a8b0                vrtaCustomTickSource::vrtaCustomTickSource(unsigned int)
                0x0040a940                vrtaCustomTickSource::TickCount()
                0x0040aa00                vrtaThreadWait::vrtaThreadWait(unsigned int)
                0x0040aa00                vrtaThreadWait::vrtaThreadWait(unsigned int)
                0x0040ab00                vrtaThreadWait::WaitForTicks(unsigned int)
                0x0040acd0                vrtaSystemClock_Auto
                0x0040ace0                vrtaSystemClock_Manual
                0x0040ad20                vrtaSystemClock_Pause
                0x0040ad30                vrtaSystemClock_Resume
                0x0040ad40                vrtaSystemClock_Tick
                0x0040ad60                vrtaSystemClock_Scale
                0x0040ad80                vrtaSystemClock_FavourFixedInterval
                0x0040ada0                vrtaSystemClock_IsFavourFixedInterval
                0x0040adb0                vrtaSystemClock_HasFrozenOS
                0x0040adc0                vrtaSystemClock_IsIdleTicked
 .text          0x0040add0      0x2a0 RTAOS.lib(vrtaSystemClockDevice.o)
                0x0040add0                CSLThread
                0x0040af10                SystemClockIdleHandler::Idle(unsigned int)
                0x0040b040                SystemClockTickUpdateNotification(unsigned int)
 .text          0x0040b070      0x194 RTAOS.lib(WaitEvent.o)
                0x0040b070                Os_WaitEvent
 *fill*         0x0040b204        0xc 
 .text          0x0040b210      0x160 RTAOS.lib(DispatchECC.o)
                0x0040b210                Os_DispatchECC
 .text          0x0040b370       0x20 RTAOS.lib(GetStackValue.o)
                0x0040b370                Os_GetStackValue
 .text          0x0040b390        0x0 RTAOS.lib(Os_vectors.o)
 .text          0x0040b390       0x60 RTAOS.lib(Os_wrapper.o)
                0x0040b390                Os_ISRWrapper
 .text          0x0040b3f0       0x10 RTAOS.lib(StackOverrunHook.o)
                0x0040b3f0                Os_Cbk_StackOverrunHook
 .text          0x0040b400     0x17f0 RTAOS.lib(virtualDevice.o)
                0x0040b400                VirtualDevice::StringBuilder::Content()
                0x0040b430                VirtualDevice::EventZero(vrtaEvent const&)
                0x0040b440                VirtualDevice::EventHandler(vrtaEvent&)
                0x0040b480                VirtualDevice::GetPersistentDataSize()
                0x0040b490                VirtualDevice::GetPersistentData()
                0x0040b4a0                VirtualDevice::SetPersistentData(unsigned char*, unsigned short)
                0x0040b4b0                VirtualDevice::StringBuilder::~StringBuilder()
                0x0040b4b0                VirtualDevice::StringBuilder::~StringBuilder()
                0x0040b4e0                VirtualDevice::StringBuilder::~StringBuilder()
                0x0040b580                VirtualDevice::ActionZero(vrtaAction const&)
                0x0040b650                VirtualDevice::SetValue(vrtaEvent&, void*, unsigned int)
                0x0040b6b0                VECUAutoLock::VECUAutoLock()
                0x0040b6b0                VECUAutoLock::VECUAutoLock()
                0x0040b6c0                VECUAutoLock::~VECUAutoLock()
                0x0040b6c0                VECUAutoLock::~VECUAutoLock()
                0x0040b6d0                VirtualDevice::StringBuilder::StringBuilder(int)
                0x0040b6d0                VirtualDevice::StringBuilder::StringBuilder(int)
                0x0040b700                VirtualDevice::StringBuilder::Append(char const*)
                0x0040b780                VirtualDevice::StringBuilder::Length()
                0x0040b790                VirtualDevice::OptList::OptList(int)
                0x0040b790                VirtualDevice::OptList::OptList(int)
                0x0040b7d0                VirtualDevice::OptList::Add(char const*, char const*)
                0x0040b840                VirtualDevice::OptList::Clear()
                0x0040b860                VirtualDevice::OptList::Replace(int, char const*, char const*)
                0x0040b970                VirtualDevice::Linkable::Linkable()
                0x0040b970                VirtualDevice::Linkable::Linkable()
                0x0040b980                VirtualDevice::ParameterInfo::ParameterInfo(char const*, char const*, char const*)
                0x0040b980                VirtualDevice::ParameterInfo::ParameterInfo(char const*, char const*, char const*)
                0x0040b9a0                VirtualDevice::List::List()
                0x0040b9a0                VirtualDevice::List::List()
                0x0040b9b0                VirtualDevice::List::First()
                0x0040b9c0                VirtualDevice::List::Append(VirtualDevice::Linkable*)
                0x0040b9e0                VirtualDevice::List::Replace(int, VirtualDevice::Linkable*)
                0x0040ba40                VirtualDevice::ActionInfo::ActionInfo(char const*, char const*, char const*)
                0x0040ba40                VirtualDevice::ActionInfo::ActionInfo(char const*, char const*, char const*)
                0x0040ba70                VirtualDevice::ActionInfo::AddContent(VirtualDevice::OptList*)
                0x0040bba0                VirtualDevice::ActionList::Content()
                0x0040bbf0                VirtualDevice::ActionInfo::In(char const*, char const*, char const*)
                0x0040bc50                VirtualDevice::EventInfo::EventInfo(char const*, char const*, char const*)
                0x0040bc50                VirtualDevice::EventInfo::EventInfo(char const*, char const*, char const*)
                0x0040bc90                VirtualDevice::EventInfo::AddContent(VirtualDevice::OptList*)
                0x0040be70                VirtualDevice::EventList::Content()
                0x0040bec0                VirtualDevice::EventInfo::Out(char const*, char const*, char const*)
                0x0040bf20                VirtualDevice::EventInfo::In(char const*, char const*, char const*)
                0x0040bf80                VirtualDevice::EventList::EventList()
                0x0040bf80                VirtualDevice::EventList::EventList()
                0x0040bfd0                VirtualDevice::EventList::Add(char const*, char const*, char const*)
                0x0040c040                VirtualDevice::EventList::Replace(int, char const*, char const*, char const*)
                0x0040c0b0                VirtualDevice::EventList::UpdateInfo(VirtualDevice::OptList&)
                0x0040c210                VirtualDevice::ActionList::ActionList()
                0x0040c210                VirtualDevice::ActionList::ActionList()
                0x0040c260                VirtualDevice::ActionList::Add(char const*, char const*, char const*)
                0x0040c2c0                VirtualDevice::ActionList::Replace(int, char const*, char const*, char const*)
                0x0040c330                VirtualDevice::ActionList::UpdateInfo(VirtualDevice::OptList&)
                0x0040c470                VirtualDevice::VirtualDevice()
                0x0040c470                VirtualDevice::VirtualDevice()
                0x0040c510                VirtualDevice::ActionHandler(vrtaAction const&)
                0x0040c570                VirtualDevice::AddActionHandler(unsigned short (VirtualDevice::*)(vrtaAction const&))
                0x0040c5f0                VirtualDevice::AddEventHandler(unsigned short (VirtualDevice::*)(vrtaEvent const&))
                0x0040c670                VirtualDevice::NullAction(vrtaAction const&)
                0x0040c680                VirtualDevice::NullEvent(vrtaEvent const&)
                0x0040c690                VirtualDevice::RegisterAs(char const*)
                0x0040c860                VirtualDevice::~VirtualDevice()
                0x0040c860                VirtualDevice::~VirtualDevice()
                0x0040c880                VirtualDevice::~VirtualDevice()
                0x0040c8c0                VirtualDevice::AssignCore(unsigned short)
                0x0040c8e0                VirtualDevice::Raise(unsigned short (VirtualDevice::*)(vrtaEvent const&), vrtaEvent&)
                0x0040c980                VirtualDevice::Raise(unsigned short (VirtualDevice::*)(vrtaEvent const&))
                0x0040c9c0                VirtualDevice::Raise(vrtaEvent&)
                0x0040c9f0                VirtualDevice::SendAction(unsigned short, unsigned short, vrtaAction&)
                0x0040ca20                VirtualDevice::RaiseInterrupt(unsigned int)
                0x0040ca80                VirtualDevice::SpawnThread(void (*)())
                0x0040caa0                VirtualDevice::PersistThroughReset(unsigned int)
                0x0040cab0                VirtualDevice::ReadFromPersistentStorage(unsigned short*, unsigned char**)
                0x0040cad0                VirtualDevice::WriteToPersistentStorage(unsigned short*, unsigned char**)
                0x0040cb10                VirtualDevice::LockDevice()
                0x0040cb20                VirtualDevice::ReleaseDevice()
                0x0040cb30                VirtualDevice::DataHasPersisted()
                0x0040cb40                VirtualDevice::DataHasPersisted(unsigned int)
                0x0040cb50                VirtualDevice::SetID(unsigned short)
                0x0040cb60                VirtualDevice::GetID()
                0x0040cb70                VirtualDevice::UnpackData(vrtaAction const&, void*, unsigned int)
                0x0040cbb0                VirtualDevice::UnpackData(vrtaEvent const&, void*, unsigned int)
 .text          0x0040cbf0       0x80 RTAOS.lib(ShutdownOS.o)
                0x0040cbf0                Os_ShutdownOS
 .text          0x0040cc70       0x10 RTAOS.lib(InShutdown.o)
                0x0040cc70                Os_Cbk_InShutdown
 .text          0x0040cc80        0x0 C:/Program Files/ETAS/ISOLAR-EVE3.5.0/plugins/com.etas.evetools.toolsfolder_3.5.5/Tools/MinGW/bin/../lib/gcc/i686-w64-mingw32/8.1.0/../../../../i686-w64-mingw32/lib/../lib/libwinmm.a(dcnfh.o)
 .text          0x0040cc80        0x0 C:/Program Files/ETAS/ISOLAR-EVE3.5.0/plugins/com.etas.evetools.toolsfolder_3.5.5/Tools/MinGW/bin/../lib/gcc/i686-w64-mingw32/8.1.0/../../../../i686-w64-mingw32/lib/../lib/libwinmm.a(dcnft.o)
 .text          0x0040cc80        0x0 C:/Program Files/ETAS/ISOLAR-EVE3.5.0/plugins/com.etas.evetools.toolsfolder_3.5.5/Tools/MinGW/bin/../lib/gcc/i686-w64-mingw32/8.1.0\libstdc++.a(class_type_info.o)
 .text          0x0040cc80        0x0 C:/Program Files/ETAS/ISOLAR-EVE3.5.0/plugins/com.etas.evetools.toolsfolder_3.5.5/Tools/MinGW/bin/../lib/gcc/i686-w64-mingw32/8.1.0\libstdc++.a(del_ops.o)
 .text          0x0040cc80        0x0 C:/Program Files/ETAS/ISOLAR-EVE3.5.0/plugins/com.etas.evetools.toolsfolder_3.5.5/Tools/MinGW/bin/../lib/gcc/i686-w64-mingw32/8.1.0\libstdc++.a(del_opv.o)
 .text          0x0040cc80        0x0 C:/Program Files/ETAS/ISOLAR-EVE3.5.0/plugins/com.etas.evetools.toolsfolder_3.5.5/Tools/MinGW/bin/../lib/gcc/i686-w64-mingw32/8.1.0\libstdc++.a(eh_aux_runtime.o)
 .text          0x0040cc80        0x0 C:/Program Files/ETAS/ISOLAR-EVE3.5.0/plugins/com.etas.evetools.toolsfolder_3.5.5/Tools/MinGW/bin/../lib/gcc/i686-w64-mingw32/8.1.0\libstdc++.a(eh_catch.o)
 .text          0x0040cc80        0x0 C:/Program Files/ETAS/ISOLAR-EVE3.5.0/plugins/com.etas.evetools.toolsfolder_3.5.5/Tools/MinGW/bin/../lib/gcc/i686-w64-mingw32/8.1.0\libstdc++.a(eh_globals.o)
 .text          0x0040cc80        0x0 C:/Program Files/ETAS/ISOLAR-EVE3.5.0/plugins/com.etas.evetools.toolsfolder_3.5.5/Tools/MinGW/bin/../lib/gcc/i686-w64-mingw32/8.1.0\libstdc++.a(eh_personality.o)
 .text          0x0040cc80        0x0 C:/Program Files/ETAS/ISOLAR-EVE3.5.0/plugins/com.etas.evetools.toolsfolder_3.5.5/Tools/MinGW/bin/../lib/gcc/i686-w64-mingw32/8.1.0\libstdc++.a(eh_terminate.o)
 .text          0x0040cc80        0x0 C:/Program Files/ETAS/ISOLAR-EVE3.5.0/plugins/com.etas.evetools.toolsfolder_3.5.5/Tools/MinGW/bin/../lib/gcc/i686-w64-mingw32/8.1.0\libstdc++.a(eh_term_handler.o)
 .text          0x0040cc80        0x0 C:/Program Files/ETAS/ISOLAR-EVE3.5.0/plugins/com.etas.evetools.toolsfolder_3.5.5/Tools/MinGW/bin/../lib/gcc/i686-w64-mingw32/8.1.0\libstdc++.a(eh_throw.o)
 .text          0x0040cc80        0x0 C:/Program Files/ETAS/ISOLAR-EVE3.5.0/plugins/com.etas.evetools.toolsfolder_3.5.5/Tools/MinGW/bin/../lib/gcc/i686-w64-mingw32/8.1.0\libstdc++.a(eh_unex_handler.o)
 .text          0x0040cc80        0x0 C:/Program Files/ETAS/ISOLAR-EVE3.5.0/plugins/com.etas.evetools.toolsfolder_3.5.5/Tools/MinGW/bin/../lib/gcc/i686-w64-mingw32/8.1.0\libstdc++.a(new_op.o)
 .text          0x0040cc80        0x0 C:/Program Files/ETAS/ISOLAR-EVE3.5.0/plugins/com.etas.evetools.toolsfolder_3.5.5/Tools/MinGW/bin/../lib/gcc/i686-w64-mingw32/8.1.0\libstdc++.a(new_opv.o)
 .text          0x0040cc80        0x0 C:/Program Files/ETAS/ISOLAR-EVE3.5.0/plugins/com.etas.evetools.toolsfolder_3.5.5/Tools/MinGW/bin/../lib/gcc/i686-w64-mingw32/8.1.0\libstdc++.a(pure.o)
 .text          0x0040cc80        0x0 C:/Program Files/ETAS/ISOLAR-EVE3.5.0/plugins/com.etas.evetools.toolsfolder_3.5.5/Tools/MinGW/bin/../lib/gcc/i686-w64-mingw32/8.1.0\libstdc++.a(si_class_type_info.o)
 .text          0x0040cc80        0x0 C:/Program Files/ETAS/ISOLAR-EVE3.5.0/plugins/com.etas.evetools.toolsfolder_3.5.5/Tools/MinGW/bin/../lib/gcc/i686-w64-mingw32/8.1.0\libstdc++.a(tinfo.o)
 .text          0x0040cc80        0x0 C:/Program Files/ETAS/ISOLAR-EVE3.5.0/plugins/com.etas.evetools.toolsfolder_3.5.5/Tools/MinGW/bin/../lib/gcc/i686-w64-mingw32/8.1.0\libstdc++.a(vmi_class_type_info.o)
 .text          0x0040cc80        0x0 C:/Program Files/ETAS/ISOLAR-EVE3.5.0/plugins/com.etas.evetools.toolsfolder_3.5.5/Tools/MinGW/bin/../lib/gcc/i686-w64-mingw32/8.1.0\libstdc++.a(vterminate.o)
 .text          0x0040cc80        0x0 C:/Program Files/ETAS/ISOLAR-EVE3.5.0/plugins/com.etas.evetools.toolsfolder_3.5.5/Tools/MinGW/bin/../lib/gcc/i686-w64-mingw32/8.1.0\libstdc++.a(bad_alloc.o)
 .text          0x0040cc80        0x0 C:/Program Files/ETAS/ISOLAR-EVE3.5.0/plugins/com.etas.evetools.toolsfolder_3.5.5/Tools/MinGW/bin/../lib/gcc/i686-w64-mingw32/8.1.0\libstdc++.a(bad_array_new.o)
 .text          0x0040cc80        0x0 C:/Program Files/ETAS/ISOLAR-EVE3.5.0/plugins/com.etas.evetools.toolsfolder_3.5.5/Tools/MinGW/bin/../lib/gcc/i686-w64-mingw32/8.1.0\libstdc++.a(bad_cast.o)
 .text          0x0040cc80        0x0 C:/Program Files/ETAS/ISOLAR-EVE3.5.0/plugins/com.etas.evetools.toolsfolder_3.5.5/Tools/MinGW/bin/../lib/gcc/i686-w64-mingw32/8.1.0\libstdc++.a(bad_typeid.o)
 .text          0x0040cc80     0x9af0 C:/Program Files/ETAS/ISOLAR-EVE3.5.0/plugins/com.etas.evetools.toolsfolder_3.5.5/Tools/MinGW/bin/../lib/gcc/i686-w64-mingw32/8.1.0\libstdc++.a(cp-demangle.o)
                0x004165e0                __cxa_demangle
                0x00416730                __gcclibcxx_demangle_callback
 .text          0x00416770        0x0 C:/Program Files/ETAS/ISOLAR-EVE3.5.0/plugins/com.etas.evetools.toolsfolder_3.5.5/Tools/MinGW/bin/../lib/gcc/i686-w64-mingw32/8.1.0\libstdc++.a(del_op.o)
 .text          0x00416770        0x0 C:/Program Files/ETAS/ISOLAR-EVE3.5.0/plugins/com.etas.evetools.toolsfolder_3.5.5/Tools/MinGW/bin/../lib/gcc/i686-w64-mingw32/8.1.0\libstdc++.a(eh_alloc.o)
 .text          0x00416770        0x0 C:/Program Files/ETAS/ISOLAR-EVE3.5.0/plugins/com.etas.evetools.toolsfolder_3.5.5/Tools/MinGW/bin/../lib/gcc/i686-w64-mingw32/8.1.0\libstdc++.a(eh_call.o)
 .text          0x00416770        0x0 C:/Program Files/ETAS/ISOLAR-EVE3.5.0/plugins/com.etas.evetools.toolsfolder_3.5.5/Tools/MinGW/bin/../lib/gcc/i686-w64-mingw32/8.1.0\libstdc++.a(eh_exception.o)
 .text          0x00416770        0x0 C:/Program Files/ETAS/ISOLAR-EVE3.5.0/plugins/com.etas.evetools.toolsfolder_3.5.5/Tools/MinGW/bin/../lib/gcc/i686-w64-mingw32/8.1.0\libstdc++.a(eh_type.o)
 .text          0x00416770        0x0 C:/Program Files/ETAS/ISOLAR-EVE3.5.0/plugins/com.etas.evetools.toolsfolder_3.5.5/Tools/MinGW/bin/../lib/gcc/i686-w64-mingw32/8.1.0\libstdc++.a(new_handler.o)
 .text          0x00416770       0xb0 C:/Program Files/ETAS/ISOLAR-EVE3.5.0/plugins/com.etas.evetools.toolsfolder_3.5.5/Tools/MinGW/bin/../lib/gcc/i686-w64-mingw32/8.1.0/../../../../i686-w64-mingw32/lib/../lib/libmingw32.a(lib32_libmingw32_a-gccmain.o)
                0x00416770                __do_global_dtors
                0x004167b0                __do_global_ctors
                0x00416800                __main
 .text          0x00416820        0x0 C:/Program Files/ETAS/ISOLAR-EVE3.5.0/plugins/com.etas.evetools.toolsfolder_3.5.5/Tools/MinGW/bin/../lib/gcc/i686-w64-mingw32/8.1.0/../../../../i686-w64-mingw32/lib/../lib/libmingw32.a(lib32_libmingw32_a-natstart.o)
 .text          0x00416820        0x0 C:/Program Files/ETAS/ISOLAR-EVE3.5.0/plugins/com.etas.evetools.toolsfolder_3.5.5/Tools/MinGW/bin/../lib/gcc/i686-w64-mingw32/8.1.0/../../../../i686-w64-mingw32/lib/../lib/libmingw32.a(lib32_libmingw32_a-wildcard.o)
 .text          0x00416820       0x10 C:/Program Files/ETAS/ISOLAR-EVE3.5.0/plugins/com.etas.evetools.toolsfolder_3.5.5/Tools/MinGW/bin/../lib/gcc/i686-w64-mingw32/8.1.0/../../../../i686-w64-mingw32/lib/../lib/libmingw32.a(lib32_libmingw32_a-charmax.o)
 .text          0x00416830       0x10 C:/Program Files/ETAS/ISOLAR-EVE3.5.0/plugins/com.etas.evetools.toolsfolder_3.5.5/Tools/MinGW/bin/../lib/gcc/i686-w64-mingw32/8.1.0/../../../../i686-w64-mingw32/lib/../lib/libmingw32.a(lib32_libmingw32_a-dllargv.o)
                0x00416830                _setargv
 .text          0x00416840      0x140 C:/Program Files/ETAS/ISOLAR-EVE3.5.0/plugins/com.etas.evetools.toolsfolder_3.5.5/Tools/MinGW/bin/../lib/gcc/i686-w64-mingw32/8.1.0/../../../../i686-w64-mingw32/lib/../lib/libmingw32.a(lib32_libmingw32_a-gs_support.o)
                0x00416840                __security_init_cookie
                0x004168f0                __report_gsfailure
 .text          0x00416980        0x0 C:/Program Files/ETAS/ISOLAR-EVE3.5.0/plugins/com.etas.evetools.toolsfolder_3.5.5/Tools/MinGW/bin/../lib/gcc/i686-w64-mingw32/8.1.0/../../../../i686-w64-mingw32/lib/../lib/libmingw32.a(lib32_libmingw32_a-_newmode.o)
 .text          0x00416980       0xf0 C:/Program Files/ETAS/ISOLAR-EVE3.5.0/plugins/com.etas.evetools.toolsfolder_3.5.5/Tools/MinGW/bin/../lib/gcc/i686-w64-mingw32/8.1.0/../../../../i686-w64-mingw32/lib/../lib/libmingw32.a(lib32_libmingw32_a-tlssup.o)
                0x004169d0                __dyn_tls_init@12
                0x00416a60                __tlregdtor
 .text          0x00416a70        0x0 C:/Program Files/ETAS/ISOLAR-EVE3.5.0/plugins/com.etas.evetools.toolsfolder_3.5.5/Tools/MinGW/bin/../lib/gcc/i686-w64-mingw32/8.1.0/../../../../i686-w64-mingw32/lib/../lib/libmingw32.a(lib32_libmingw32_a-cinitexe.o)
 .text          0x00416a70       0xe0 C:/Program Files/ETAS/ISOLAR-EVE3.5.0/plugins/com.etas.evetools.toolsfolder_3.5.5/Tools/MinGW/bin/../lib/gcc/i686-w64-mingw32/8.1.0/../../../../i686-w64-mingw32/lib/../lib/libmingw32.a(lib32_libmingw32_a-merr.o)
                0x00416a70                __mingw_raise_matherr
                0x00416ac0                __mingw_setusermatherr
                0x00416ad0                _matherr
 .text          0x00416b50       0x10 C:/Program Files/ETAS/ISOLAR-EVE3.5.0/plugins/com.etas.evetools.toolsfolder_3.5.5/Tools/MinGW/bin/../lib/gcc/i686-w64-mingw32/8.1.0/../../../../i686-w64-mingw32/lib/../lib/libmingw32.a(lib32_libmingw32_a-CRT_fp10.o)
                0x00416b50                fpreset
                0x00416b50                _fpreset
 .text          0x00416b60       0x20 C:/Program Files/ETAS/ISOLAR-EVE3.5.0/plugins/com.etas.evetools.toolsfolder_3.5.5/Tools/MinGW/bin/../lib/gcc/i686-w64-mingw32/8.1.0/../../../../i686-w64-mingw32/lib/../lib/libmingw32.a(lib32_libmingw32_a-mingw_helpers.o)
                0x00416b60                _decode_pointer
                0x00416b70                _encode_pointer
 .text          0x00416b80      0x3d0 C:/Program Files/ETAS/ISOLAR-EVE3.5.0/plugins/com.etas.evetools.toolsfolder_3.5.5/Tools/MinGW/bin/../lib/gcc/i686-w64-mingw32/8.1.0/../../../../i686-w64-mingw32/lib/../lib/libmingw32.a(lib32_libmingw32_a-pseudo-reloc.o)
                0x00416cd0                _pei386_runtime_relocator
 .text          0x00416f50        0x0 C:/Program Files/ETAS/ISOLAR-EVE3.5.0/plugins/com.etas.evetools.toolsfolder_3.5.5/Tools/MinGW/bin/../lib/gcc/i686-w64-mingw32/8.1.0/../../../../i686-w64-mingw32/lib/../lib/libmingw32.a(lib32_libmingw32_a-xtxtmode.o)
 .text          0x00416f50      0x1a0 C:/Program Files/ETAS/ISOLAR-EVE3.5.0/plugins/com.etas.evetools.toolsfolder_3.5.5/Tools/MinGW/bin/../lib/gcc/i686-w64-mingw32/8.1.0/../../../../i686-w64-mingw32/lib/../lib/libmingw32.a(lib32_libmingw32_a-crt_handler.o)
                0x00416f50                _gnu_exception_handler@4
 .text          0x004170f0      0x270 C:/Program Files/ETAS/ISOLAR-EVE3.5.0/plugins/com.etas.evetools.toolsfolder_3.5.5/Tools/MinGW/bin/../lib/gcc/i686-w64-mingw32/8.1.0/../../../../i686-w64-mingw32/lib/../lib/libmingw32.a(lib32_libmingw32_a-tlsthrd.o)
                0x00417160                ___w64_mingwthr_add_key_dtor
                0x004171f0                ___w64_mingwthr_remove_key_dtor
                0x00417280                __mingw_TLScallback
 .text          0x00417360        0x0 C:/Program Files/ETAS/ISOLAR-EVE3.5.0/plugins/com.etas.evetools.toolsfolder_3.5.5/Tools/MinGW/bin/../lib/gcc/i686-w64-mingw32/8.1.0/../../../../i686-w64-mingw32/lib/../lib/libmingw32.a(lib32_libmingw32_a-tlsmcrt.o)
 .text          0x00417360        0x0 C:/Program Files/ETAS/ISOLAR-EVE3.5.0/plugins/com.etas.evetools.toolsfolder_3.5.5/Tools/MinGW/bin/../lib/gcc/i686-w64-mingw32/8.1.0/../../../../i686-w64-mingw32/lib/../lib/libmingw32.a(lib32_libmingw32_a-pseudo-reloc-list.o)
 .text          0x00417360      0x370 C:/Program Files/ETAS/ISOLAR-EVE3.5.0/plugins/com.etas.evetools.toolsfolder_3.5.5/Tools/MinGW/bin/../lib/gcc/i686-w64-mingw32/8.1.0/../../../../i686-w64-mingw32/lib/../lib/libmingw32.a(lib32_libmingw32_a-pesect.o)
                0x00417380                _ValidateImageBase
                0x004173a0                _FindPESection
                0x004173e0                _FindPESectionByName
                0x00417470                __mingw_GetSectionForAddress
                0x004174e0                __mingw_GetSectionCount
                0x00417510                _FindPESectionExec
                0x00417570                _GetPEImageBase
                0x004175a0                _IsNonwritableInCurrentImage
                0x00417620                __mingw_enum_import_library_names
 .text          0x004176d0       0x2c C:/Program Files/ETAS/ISOLAR-EVE3.5.0/plugins/com.etas.evetools.toolsfolder_3.5.5/Tools/MinGW/bin/../lib/gcc/i686-w64-mingw32/8.1.0/libgcc.a(_chkstk_ms.o)
                0x004176d0                __chkstk_ms
 .text          0x004176fc        0x0 C:/Program Files/ETAS/ISOLAR-EVE3.5.0/plugins/com.etas.evetools.toolsfolder_3.5.5/Tools/MinGW/bin/../lib/gcc/i686-w64-mingw32/8.1.0/libgcc.a(_ctors.o)
 *fill*         0x004176fc        0x4 
 .text          0x00417700      0x150 C:/Program Files/ETAS/ISOLAR-EVE3.5.0/plugins/com.etas.evetools.toolsfolder_3.5.5/Tools/MinGW/bin/../lib/gcc/i686-w64-mingw32/8.1.0/libgcc.a(_divdi3.o)
                0x00417700                __divdi3
 .text          0x00417850      0x410 C:/Program Files/ETAS/ISOLAR-EVE3.5.0/plugins/com.etas.evetools.toolsfolder_3.5.5/Tools/MinGW/bin/../lib/gcc/i686-w64-mingw32/8.1.0/libgcc.a(gthr-win32.o)
                0x00417850                __gthr_win32_once
                0x004178d0                __gthr_win32_key_create
                0x00417910                __gthr_win32_key_delete
                0x00417940                __gthr_win32_getspecific
                0x00417980                __gthr_win32_setspecific
                0x004179b0                __gthr_win32_mutex_init_function
                0x004179f0                __gthr_win32_mutex_destroy
                0x00417a10                __gthr_win32_mutex_lock
                0x00417a50                __gthr_win32_mutex_trylock
                0x00417a70                __gthr_win32_mutex_unlock
                0x00417ac0                __gthr_win32_recursive_mutex_init_function
                0x00417b10                __gthr_win32_recursive_mutex_lock
                0x00417b90                __gthr_win32_recursive_mutex_trylock
                0x00417be0                __gthr_win32_recursive_mutex_unlock
                0x00417c40                __gthr_win32_recursive_mutex_destroy
 .text          0x00417c60     0x25a0 C:/Program Files/ETAS/ISOLAR-EVE3.5.0/plugins/com.etas.evetools.toolsfolder_3.5.5/Tools/MinGW/bin/../lib/gcc/i686-w64-mingw32/8.1.0/libgcc_eh.a(unwind-dw2.o)
                0x00419ba0                _Unwind_GetGR
                0x00419bf0                _Unwind_GetCFA
                0x00419c00                _Unwind_SetGR
                0x00419c60                _Unwind_GetIP
                0x00419c70                _Unwind_GetIPInfo
                0x00419c90                _Unwind_SetIP
                0x00419ca0                _Unwind_GetLanguageSpecificData
                0x00419cb0                _Unwind_GetRegionStart
                0x00419cc0                _Unwind_FindEnclosingFunction
                0x00419cf0                _Unwind_GetDataRelBase
                0x00419d00                _Unwind_GetTextRelBase
                0x00419d10                __frame_state_for
                0x00419e10                _Unwind_RaiseException
                0x00419f60                _Unwind_ForcedUnwind
                0x0041a010                _Unwind_Resume
                0x0041a0b0                _Unwind_Resume_or_Rethrow
                0x0041a170                _Unwind_DeleteException
                0x0041a190                _Unwind_Backtrace
 .text          0x0041a200     0x17f0 C:/Program Files/ETAS/ISOLAR-EVE3.5.0/plugins/com.etas.evetools.toolsfolder_3.5.5/Tools/MinGW/bin/../lib/gcc/i686-w64-mingw32/8.1.0/libgcc_eh.a(unwind-dw2-fde.o)
                0x0041b4b0                __register_frame_info_bases
                0x0041b4e0                __register_frame_info
                0x0041b510                __register_frame
                0x0041b550                __register_frame_info_table_bases
                0x0041b6a0                __register_frame_info_table
                0x0041b6d0                __register_frame_table
                0x0041b710                __deregister_frame_info_bases
                0x0041b730                __deregister_frame_info
                0x0041b750                __deregister_frame
                0x0041b780                _Unwind_Find_FDE
 .text          0x0041b9f0      0x410 C:/Program Files/ETAS/ISOLAR-EVE3.5.0/plugins/com.etas.evetools.toolsfolder_3.5.5/Tools/MinGW/bin/../lib/gcc/i686-w64-mingw32/8.1.0/libgcc_eh.a(emutls.o)
                0x0041bb50                __emutls_get_address
                0x0041bdc0                __emutls_register_common
 .text          0x0041be00        0x0 C:/Program Files/ETAS/ISOLAR-EVE3.5.0/plugins/com.etas.evetools.toolsfolder_3.5.5/Tools/MinGW/bin/../lib/gcc/i686-w64-mingw32/8.1.0/../../../../i686-w64-mingw32/lib/../lib/libmingwex.a(lib32_libmingwex_a-mingw_matherr.o)
 .text          0x0041be00        0x8 C:/Program Files/ETAS/ISOLAR-EVE3.5.0/plugins/com.etas.evetools.toolsfolder_3.5.5/Tools/MinGW/bin/../lib/gcc/i686-w64-mingw32/8.1.0/../../../../i686-w64-mingw32/lib/../lib/libmsvcrt.a(dwbes01258.o)
                0x0041be00                vsprintf
 .text          0x0041be08        0x8 C:/Program Files/ETAS/ISOLAR-EVE3.5.0/plugins/com.etas.evetools.toolsfolder_3.5.5/Tools/MinGW/bin/../lib/gcc/i686-w64-mingw32/8.1.0/../../../../i686-w64-mingw32/lib/../lib/libmsvcrt.a(dwbes01253.o)
                0x0041be08                vfprintf
 .text          0x0041be10        0x8 C:/Program Files/ETAS/ISOLAR-EVE3.5.0/plugins/com.etas.evetools.toolsfolder_3.5.5/Tools/MinGW/bin/../lib/gcc/i686-w64-mingw32/8.1.0/../../../../i686-w64-mingw32/lib/../lib/libmsvcrt.a(dwbes01221.o)
                0x0041be10                strncpy
 .text          0x0041be18        0x8 C:/Program Files/ETAS/ISOLAR-EVE3.5.0/plugins/com.etas.evetools.toolsfolder_3.5.5/Tools/MinGW/bin/../lib/gcc/i686-w64-mingw32/8.1.0/../../../../i686-w64-mingw32/lib/../lib/libmsvcrt.a(dwbes01220.o)
                0x0041be18                strncmp
 .text          0x0041be20        0x8 C:/Program Files/ETAS/ISOLAR-EVE3.5.0/plugins/com.etas.evetools.toolsfolder_3.5.5/Tools/MinGW/bin/../lib/gcc/i686-w64-mingw32/8.1.0/../../../../i686-w64-mingw32/lib/../lib/libmsvcrt.a(dwbes01217.o)
                0x0041be20                strlen
 .text          0x0041be28        0x8 C:/Program Files/ETAS/ISOLAR-EVE3.5.0/plugins/com.etas.evetools.toolsfolder_3.5.5/Tools/MinGW/bin/../lib/gcc/i686-w64-mingw32/8.1.0/../../../../i686-w64-mingw32/lib/../lib/libmsvcrt.a(dwbes01212.o)
                0x0041be28                strcpy
 .text          0x0041be30        0x8 C:/Program Files/ETAS/ISOLAR-EVE3.5.0/plugins/com.etas.evetools.toolsfolder_3.5.5/Tools/MinGW/bin/../lib/gcc/i686-w64-mingw32/8.1.0/../../../../i686-w64-mingw32/lib/../lib/libmsvcrt.a(dwbes01210.o)
                0x0041be30                strcmp
 .text          0x0041be38        0x8 C:/Program Files/ETAS/ISOLAR-EVE3.5.0/plugins/com.etas.evetools.toolsfolder_3.5.5/Tools/MinGW/bin/../lib/gcc/i686-w64-mingw32/8.1.0/../../../../i686-w64-mingw32/lib/../lib/libmsvcrt.a(dwbes01207.o)
                0x0041be38                strcat
 .text          0x0041be40        0x8 C:/Program Files/ETAS/ISOLAR-EVE3.5.0/plugins/com.etas.evetools.toolsfolder_3.5.5/Tools/MinGW/bin/../lib/gcc/i686-w64-mingw32/8.1.0/../../../../i686-w64-mingw32/lib/../lib/libmsvcrt.a(dwbes01202.o)
                0x0041be40                sprintf
 .text          0x0041be48        0x8 C:/Program Files/ETAS/ISOLAR-EVE3.5.0/plugins/com.etas.evetools.toolsfolder_3.5.5/Tools/MinGW/bin/../lib/gcc/i686-w64-mingw32/8.1.0/../../../../i686-w64-mingw32/lib/../lib/libmsvcrt.a(dwbes01199.o)
                0x0041be48                signal
 .text          0x0041be50        0x8 C:/Program Files/ETAS/ISOLAR-EVE3.5.0/plugins/com.etas.evetools.toolsfolder_3.5.5/Tools/MinGW/bin/../lib/gcc/i686-w64-mingw32/8.1.0/../../../../i686-w64-mingw32/lib/../lib/libmsvcrt.a(dwbes01190.o)
                0x0041be50                realloc
 .text          0x0041be58        0x8 C:/Program Files/ETAS/ISOLAR-EVE3.5.0/plugins/com.etas.evetools.toolsfolder_3.5.5/Tools/MinGW/bin/../lib/gcc/i686-w64-mingw32/8.1.0/../../../../i686-w64-mingw32/lib/../lib/libmsvcrt.a(dwbes01174.o)
                0x0041be58                memset
 .text          0x0041be60        0x8 C:/Program Files/ETAS/ISOLAR-EVE3.5.0/plugins/com.etas.evetools.toolsfolder_3.5.5/Tools/MinGW/bin/../lib/gcc/i686-w64-mingw32/8.1.0/../../../../i686-w64-mingw32/lib/../lib/libmsvcrt.a(dwbes01172.o)
                0x0041be60                memcpy
 .text          0x0041be68        0x8 C:/Program Files/ETAS/ISOLAR-EVE3.5.0/plugins/com.etas.evetools.toolsfolder_3.5.5/Tools/MinGW/bin/../lib/gcc/i686-w64-mingw32/8.1.0/../../../../i686-w64-mingw32/lib/../lib/libmsvcrt.a(dwbes01163.o)
                0x0041be68                malloc
 .text          0x0041be70        0x8 C:/Program Files/ETAS/ISOLAR-EVE3.5.0/plugins/com.etas.evetools.toolsfolder_3.5.5/Tools/MinGW/bin/../lib/gcc/i686-w64-mingw32/8.1.0/../../../../i686-w64-mingw32/lib/../lib/libmsvcrt.a(dwbes01118.o)
                0x0041be70                fwrite
 .text          0x0041be78        0x8 C:/Program Files/ETAS/ISOLAR-EVE3.5.0/plugins/com.etas.evetools.toolsfolder_3.5.5/Tools/MinGW/bin/../lib/gcc/i686-w64-mingw32/8.1.0/../../../../i686-w64-mingw32/lib/../lib/libmsvcrt.a(dwbes01104.o)
                0x0041be78                free
 .text          0x0041be80        0x8 C:/Program Files/ETAS/ISOLAR-EVE3.5.0/plugins/com.etas.evetools.toolsfolder_3.5.5/Tools/MinGW/bin/../lib/gcc/i686-w64-mingw32/8.1.0/../../../../i686-w64-mingw32/lib/../lib/libmsvcrt.a(dwbes01100.o)
                0x0041be80                fputs
 .text          0x0041be88        0x8 C:/Program Files/ETAS/ISOLAR-EVE3.5.0/plugins/com.etas.evetools.toolsfolder_3.5.5/Tools/MinGW/bin/../lib/gcc/i686-w64-mingw32/8.1.0/../../../../i686-w64-mingw32/lib/../lib/libmsvcrt.a(dwbes01099.o)
                0x0041be88                fputc
 .text          0x0041be90        0x8 C:/Program Files/ETAS/ISOLAR-EVE3.5.0/plugins/com.etas.evetools.toolsfolder_3.5.5/Tools/MinGW/bin/../lib/gcc/i686-w64-mingw32/8.1.0/../../../../i686-w64-mingw32/lib/../lib/libmsvcrt.a(dwbes01097.o)
                0x0041be90                fprintf
 .text          0x0041be98        0x8 C:/Program Files/ETAS/ISOLAR-EVE3.5.0/plugins/com.etas.evetools.toolsfolder_3.5.5/Tools/MinGW/bin/../lib/gcc/i686-w64-mingw32/8.1.0/../../../../i686-w64-mingw32/lib/../lib/libmsvcrt.a(dwbes01095.o)
                0x0041be98                fopen
 .text          0x0041bea0        0x8 C:/Program Files/ETAS/ISOLAR-EVE3.5.0/plugins/com.etas.evetools.toolsfolder_3.5.5/Tools/MinGW/bin/../lib/gcc/i686-w64-mingw32/8.1.0/../../../../i686-w64-mingw32/lib/../lib/libmsvcrt.a(dwbes01087.o)
                0x0041bea0                fflush
 .text          0x0041bea8        0x8 C:/Program Files/ETAS/ISOLAR-EVE3.5.0/plugins/com.etas.evetools.toolsfolder_3.5.5/Tools/MinGW/bin/../lib/gcc/i686-w64-mingw32/8.1.0/../../../../i686-w64-mingw32/lib/../lib/libmsvcrt.a(dwbes01084.o)
                0x0041bea8                fclose
 .text          0x0041beb0        0x8 C:/Program Files/ETAS/ISOLAR-EVE3.5.0/plugins/com.etas.evetools.toolsfolder_3.5.5/Tools/MinGW/bin/../lib/gcc/i686-w64-mingw32/8.1.0/../../../../i686-w64-mingw32/lib/../lib/libmsvcrt.a(dwbes01081.o)
                0x0041beb0                exit
 .text          0x0041beb8        0x8 C:/Program Files/ETAS/ISOLAR-EVE3.5.0/plugins/com.etas.evetools.toolsfolder_3.5.5/Tools/MinGW/bin/../lib/gcc/i686-w64-mingw32/8.1.0/../../../../i686-w64-mingw32/lib/../lib/libmsvcrt.a(dwbes01076.o)
                0x0041beb8                calloc
 .text          0x0041bec0        0x8 C:/Program Files/ETAS/ISOLAR-EVE3.5.0/plugins/com.etas.evetools.toolsfolder_3.5.5/Tools/MinGW/bin/../lib/gcc/i686-w64-mingw32/8.1.0/../../../../i686-w64-mingw32/lib/../lib/libmsvcrt.a(dwbes01066.o)
                0x0041bec0                atoi
 .text          0x0041bec8        0x8 C:/Program Files/ETAS/ISOLAR-EVE3.5.0/plugins/com.etas.evetools.toolsfolder_3.5.5/Tools/MinGW/bin/../lib/gcc/i686-w64-mingw32/8.1.0/../../../../i686-w64-mingw32/lib/../lib/libmsvcrt.a(dwbes01057.o)
                0x0041bec8                abort
 .text          0x0041bed0        0x8 C:/Program Files/ETAS/ISOLAR-EVE3.5.0/plugins/com.etas.evetools.toolsfolder_3.5.5/Tools/MinGW/bin/../lib/gcc/i686-w64-mingw32/8.1.0/../../../../i686-w64-mingw32/lib/../lib/libmsvcrt.a(dwbes01010.o)
                0x0041bed0                write
 .text          0x0041bed8        0x8 C:/Program Files/ETAS/ISOLAR-EVE3.5.0/plugins/com.etas.evetools.toolsfolder_3.5.5/Tools/MinGW/bin/../lib/gcc/i686-w64-mingw32/8.1.0/../../../../i686-w64-mingw32/lib/../lib/libmsvcrt.a(dwbes00629.o)
                0x0041bed8                _onexit
 .text          0x0041bee0        0x8 C:/Program Files/ETAS/ISOLAR-EVE3.5.0/plugins/com.etas.evetools.toolsfolder_3.5.5/Tools/MinGW/bin/../lib/gcc/i686-w64-mingw32/8.1.0/../../../../i686-w64-mingw32/lib/../lib/libmsvcrt.a(dwbes00351.o)
                0x0041bee0                _initterm
 .text          0x0041bee8        0x8 C:/Program Files/ETAS/ISOLAR-EVE3.5.0/plugins/com.etas.evetools.toolsfolder_3.5.5/Tools/MinGW/bin/../lib/gcc/i686-w64-mingw32/8.1.0/../../../../i686-w64-mingw32/lib/../lib/libmsvcrt.a(dwbes00161.o)
                0x0041bee8                _cexit
 .text          0x0041bef0        0x8 C:/Program Files/ETAS/ISOLAR-EVE3.5.0/plugins/com.etas.evetools.toolsfolder_3.5.5/Tools/MinGW/bin/../lib/gcc/i686-w64-mingw32/8.1.0/../../../../i686-w64-mingw32/lib/../lib/libmsvcrt.a(dwbes00144.o)
                0x0041bef0                _amsg_exit
 .text          0x0041bef8        0x8 C:/Program Files/ETAS/ISOLAR-EVE3.5.0/plugins/com.etas.evetools.toolsfolder_3.5.5/Tools/MinGW/bin/../lib/gcc/i686-w64-mingw32/8.1.0/../../../../i686-w64-mingw32/lib/../lib/libmsvcrt.a(dwbes00107.o)
                0x0041bef8                __setusermatherr
 .text          0x0041bf00        0x8 C:/Program Files/ETAS/ISOLAR-EVE3.5.0/plugins/com.etas.evetools.toolsfolder_3.5.5/Tools/MinGW/bin/../lib/gcc/i686-w64-mingw32/8.1.0/../../../../i686-w64-mingw32/lib/../lib/libmsvcrt.a(dwbes00104.o)
                0x0041bf00                __set_app_type
 .text          0x0041bf08        0x8 C:/Program Files/ETAS/ISOLAR-EVE3.5.0/plugins/com.etas.evetools.toolsfolder_3.5.5/Tools/MinGW/bin/../lib/gcc/i686-w64-mingw32/8.1.0/../../../../i686-w64-mingw32/lib/../lib/libmsvcrt.a(dwbes00083.o)
                0x0041bf08                __p__fmode
 .text          0x0041bf10        0x8 C:/Program Files/ETAS/ISOLAR-EVE3.5.0/plugins/com.etas.evetools.toolsfolder_3.5.5/Tools/MinGW/bin/../lib/gcc/i686-w64-mingw32/8.1.0/../../../../i686-w64-mingw32/lib/../lib/libmsvcrt.a(dwbes00076.o)
                0x0041bf10                __p__acmdln
 .text          0x0041bf18        0x0 C:/Program Files/ETAS/ISOLAR-EVE3.5.0/plugins/com.etas.evetools.toolsfolder_3.5.5/Tools/MinGW/bin/../lib/gcc/i686-w64-mingw32/8.1.0/../../../../i686-w64-mingw32/lib/../lib/libmsvcrt.a(dwbes00059.o)
 .text          0x0041bf18        0x8 C:/Program Files/ETAS/ISOLAR-EVE3.5.0/plugins/com.etas.evetools.toolsfolder_3.5.5/Tools/MinGW/bin/../lib/gcc/i686-w64-mingw32/8.1.0/../../../../i686-w64-mingw32/lib/../lib/libmsvcrt.a(dwbes00058.o)
                0x0041bf18                __getmainargs
 .text          0x0041bf20       0x10 C:/Program Files/ETAS/ISOLAR-EVE3.5.0/plugins/com.etas.evetools.toolsfolder_3.5.5/Tools/MinGW/bin/../lib/gcc/i686-w64-mingw32/8.1.0/../../../../i686-w64-mingw32/lib/../lib/libmsvcrt.a(lib32_libmsvcrt_os_a-acrt_iob_func.o)
                0x0041bf20                __acrt_iob_func
 .text          0x0041bf30       0x20 C:/Program Files/ETAS/ISOLAR-EVE3.5.0/plugins/com.etas.evetools.toolsfolder_3.5.5/Tools/MinGW/bin/../lib/gcc/i686-w64-mingw32/8.1.0/../../../../i686-w64-mingw32/lib/../lib/libmsvcrt.a(lib32_libmsvcrt_os_a-invalid_parameter_handler.o)
                0x0041bf30                _get_invalid_parameter_handler
                0x0041bf40                _set_invalid_parameter_handler
 .text          0x0041bf50        0x0 C:/Program Files/ETAS/ISOLAR-EVE3.5.0/plugins/com.etas.evetools.toolsfolder_3.5.5/Tools/MinGW/bin/../lib/gcc/i686-w64-mingw32/8.1.0/../../../../i686-w64-mingw32/lib/../lib/libmsvcrt.a(dwbeh.o)
 .text          0x0041bf50        0x0 C:/Program Files/ETAS/ISOLAR-EVE3.5.0/plugins/com.etas.evetools.toolsfolder_3.5.5/Tools/MinGW/bin/../lib/gcc/i686-w64-mingw32/8.1.0/../../../../i686-w64-mingw32/lib/../lib/libmsvcrt.a(dwbes00355.o)
 .text          0x0041bf50        0x0 C:/Program Files/ETAS/ISOLAR-EVE3.5.0/plugins/com.etas.evetools.toolsfolder_3.5.5/Tools/MinGW/bin/../lib/gcc/i686-w64-mingw32/8.1.0/../../../../i686-w64-mingw32/lib/../lib/libmsvcrt.a(dwbet.o)
 .text          0x0041bf50        0x0 C:/Program Files/ETAS/ISOLAR-EVE3.5.0/plugins/com.etas.evetools.toolsfolder_3.5.5/Tools/MinGW/bin/../lib/gcc/i686-w64-mingw32/8.1.0/../../../../i686-w64-mingw32/lib/../lib/libuser32.a(dmceh.o)
 .text          0x0041bf50        0x0 C:/Program Files/ETAS/ISOLAR-EVE3.5.0/plugins/com.etas.evetools.toolsfolder_3.5.5/Tools/MinGW/bin/../lib/gcc/i686-w64-mingw32/8.1.0/../../../../i686-w64-mingw32/lib/../lib/libuser32.a(dmcet.o)
 .text          0x0041bf50        0x0 C:/Program Files/ETAS/ISOLAR-EVE3.5.0/plugins/com.etas.evetools.toolsfolder_3.5.5/Tools/MinGW/bin/../lib/gcc/i686-w64-mingw32/8.1.0/../../../../i686-w64-mingw32/lib/../lib/libkernel32.a(dgzch.o)
 .text          0x0041bf50        0x0 C:/Program Files/ETAS/ISOLAR-EVE3.5.0/plugins/com.etas.evetools.toolsfolder_3.5.5/Tools/MinGW/bin/../lib/gcc/i686-w64-mingw32/8.1.0/../../../../i686-w64-mingw32/lib/../lib/libkernel32.a(dgzct.o)
 .text          0x0041bf50       0x30 C:/Program Files/ETAS/ISOLAR-EVE3.5.0/plugins/com.etas.evetools.toolsfolder_3.5.5/Tools/MinGW/bin/../lib/gcc/i686-w64-mingw32/8.1.0/../../../../i686-w64-mingw32/lib/../lib/libmingw32.a(lib32_libmingw32_a-tlsmthread.o)
                0x0041bf50                __mingwthr_remove_key_dtor
                0x0041bf60                __mingwthr_key_dtor
 .text          0x0041bf80        0x0 C:/Program Files/ETAS/ISOLAR-EVE3.5.0/plugins/com.etas.evetools.toolsfolder_3.5.5/Tools/MinGW/bin/../lib/gcc/i686-w64-mingw32/8.1.0/crtend.o
 *(SORT_BY_NAME(.text$*))
 .text$_ZGTtNKSt13bad_exceptionD1Ev
                0x0041bf80       0x10 C:/Program Files/ETAS/ISOLAR-EVE3.5.0/plugins/com.etas.evetools.toolsfolder_3.5.5/Tools/MinGW/bin/../lib/gcc/i686-w64-mingw32/8.1.0\libstdc++.a(eh_exception.o)
                0x0041bf80                transaction clone for std::bad_exception::~bad_exception() const
 .text$_ZGTtNKSt9exceptionD1Ev
                0x0041bf90       0x10 C:/Program Files/ETAS/ISOLAR-EVE3.5.0/plugins/com.etas.evetools.toolsfolder_3.5.5/Tools/MinGW/bin/../lib/gcc/i686-w64-mingw32/8.1.0\libstdc++.a(eh_exception.o)
                0x0041bf90                transaction clone for std::exception::~exception() const
 .text$_ZL15get_ttype_entryP16lsda_header_infom
                0x0041bfa0       0x80 C:/Program Files/ETAS/ISOLAR-EVE3.5.0/plugins/com.etas.evetools.toolsfolder_3.5.5/Tools/MinGW/bin/../lib/gcc/i686-w64-mingw32/8.1.0\libstdc++.a(eh_personality.o)
 .text$_ZL16get_adjusted_ptrPKSt9type_infoS1_PPv
                0x0041c020       0x60 C:/Program Files/ETAS/ISOLAR-EVE3.5.0/plugins/com.etas.evetools.toolsfolder_3.5.5/Tools/MinGW/bin/../lib/gcc/i686-w64-mingw32/8.1.0\libstdc++.a(eh_personality.o)
 .text$_ZL17parse_lsda_headerP15_Unwind_ContextPKhP16lsda_header_info
                0x0041c080       0xe0 C:/Program Files/ETAS/ISOLAR-EVE3.5.0/plugins/com.etas.evetools.toolsfolder_3.5.5/Tools/MinGW/bin/../lib/gcc/i686-w64-mingw32/8.1.0\libstdc++.a(eh_personality.o)
 .text$_ZL20check_exception_specP16lsda_header_infoPKSt9type_infoPvl
                0x0041c160       0x70 C:/Program Files/ETAS/ISOLAR-EVE3.5.0/plugins/com.etas.evetools.toolsfolder_3.5.5/Tools/MinGW/bin/../lib/gcc/i686-w64-mingw32/8.1.0\libstdc++.a(eh_personality.o)
 .text$_ZL21base_of_encoded_valuehP15_Unwind_Context
                0x0041c1d0       0x60 C:/Program Files/ETAS/ISOLAR-EVE3.5.0/plugins/com.etas.evetools.toolsfolder_3.5.5/Tools/MinGW/bin/../lib/gcc/i686-w64-mingw32/8.1.0\libstdc++.a(eh_personality.o)
 .text$_ZL23__gxx_exception_cleanup19_Unwind_Reason_CodeP17_Unwind_Exception
                0x0041c230       0x50 C:/Program Files/ETAS/ISOLAR-EVE3.5.0/plugins/com.etas.evetools.toolsfolder_3.5.5/Tools/MinGW/bin/../lib/gcc/i686-w64-mingw32/8.1.0\libstdc++.a(eh_throw.o)
 .text$_ZL28read_encoded_value_with_basehjPKhPj
                0x0041c280      0x140 C:/Program Files/ETAS/ISOLAR-EVE3.5.0/plugins/com.etas.evetools.toolsfolder_3.5.5/Tools/MinGW/bin/../lib/gcc/i686-w64-mingw32/8.1.0\libstdc++.a(eh_personality.o)
 .text$_ZN10__cxxabiv111__terminateEPFvvE
                0x0041c3c0       0x20 C:/Program Files/ETAS/ISOLAR-EVE3.5.0/plugins/com.etas.evetools.toolsfolder_3.5.5/Tools/MinGW/bin/../lib/gcc/i686-w64-mingw32/8.1.0\libstdc++.a(eh_terminate.o)
                0x0041c3c0                __cxxabiv1::__terminate(void (*)())
 .text$_ZN10__cxxabiv112__unexpectedEPFvvE
                0x0041c3e0       0x10 C:/Program Files/ETAS/ISOLAR-EVE3.5.0/plugins/com.etas.evetools.toolsfolder_3.5.5/Tools/MinGW/bin/../lib/gcc/i686-w64-mingw32/8.1.0\libstdc++.a(eh_terminate.o)
                0x0041c3e0                __cxxabiv1::__unexpected(void (*)())
 .text$_ZN10__cxxabiv115__forced_unwindD0Ev
                0x0041c3f0       0x20 C:/Program Files/ETAS/ISOLAR-EVE3.5.0/plugins/com.etas.evetools.toolsfolder_3.5.5/Tools/MinGW/bin/../lib/gcc/i686-w64-mingw32/8.1.0\libstdc++.a(eh_exception.o)
                0x0041c3f0                __cxxabiv1::__forced_unwind::~__forced_unwind()
 .text$_ZN10__cxxabiv115__forced_unwindD2Ev
                0x0041c410       0x10 C:/Program Files/ETAS/ISOLAR-EVE3.5.0/plugins/com.etas.evetools.toolsfolder_3.5.5/Tools/MinGW/bin/../lib/gcc/i686-w64-mingw32/8.1.0\libstdc++.a(eh_exception.o)
                0x0041c410                __cxxabiv1::__forced_unwind::~__forced_unwind()
                0x0041c410                __cxxabiv1::__forced_unwind::~__forced_unwind()
 .text$_ZN10__cxxabiv117__class_type_infoD0Ev
                0x0041c420       0x30 C:/Program Files/ETAS/ISOLAR-EVE3.5.0/plugins/com.etas.evetools.toolsfolder_3.5.5/Tools/MinGW/bin/../lib/gcc/i686-w64-mingw32/8.1.0\libstdc++.a(class_type_info.o)
                0x0041c420                __cxxabiv1::__class_type_info::~__class_type_info()
 .text$_ZN10__cxxabiv117__class_type_infoD2Ev
                0x0041c450       0x10 C:/Program Files/ETAS/ISOLAR-EVE3.5.0/plugins/com.etas.evetools.toolsfolder_3.5.5/Tools/MinGW/bin/../lib/gcc/i686-w64-mingw32/8.1.0\libstdc++.a(class_type_info.o)
                0x0041c450                __cxxabiv1::__class_type_info::~__class_type_info()
                0x0041c450                __cxxabiv1::__class_type_info::~__class_type_info()
 .text$_ZN10__cxxabiv119__foreign_exceptionD0Ev
                0x0041c460       0x20 C:/Program Files/ETAS/ISOLAR-EVE3.5.0/plugins/com.etas.evetools.toolsfolder_3.5.5/Tools/MinGW/bin/../lib/gcc/i686-w64-mingw32/8.1.0\libstdc++.a(eh_exception.o)
                0x0041c460                __cxxabiv1::__foreign_exception::~__foreign_exception()
 .text$_ZN10__cxxabiv119__foreign_exceptionD2Ev
                0x0041c480       0x10 C:/Program Files/ETAS/ISOLAR-EVE3.5.0/plugins/com.etas.evetools.toolsfolder_3.5.5/Tools/MinGW/bin/../lib/gcc/i686-w64-mingw32/8.1.0\libstdc++.a(eh_exception.o)
                0x0041c480                __cxxabiv1::__foreign_exception::~__foreign_exception()
                0x0041c480                __cxxabiv1::__foreign_exception::~__foreign_exception()
 .text$_ZN10__cxxabiv120__si_class_type_infoD0Ev
                0x0041c490       0x30 C:/Program Files/ETAS/ISOLAR-EVE3.5.0/plugins/com.etas.evetools.toolsfolder_3.5.5/Tools/MinGW/bin/../lib/gcc/i686-w64-mingw32/8.1.0\libstdc++.a(si_class_type_info.o)
                0x0041c490                __cxxabiv1::__si_class_type_info::~__si_class_type_info()
 .text$_ZN10__cxxabiv120__si_class_type_infoD2Ev
                0x0041c4c0       0x10 C:/Program Files/ETAS/ISOLAR-EVE3.5.0/plugins/com.etas.evetools.toolsfolder_3.5.5/Tools/MinGW/bin/../lib/gcc/i686-w64-mingw32/8.1.0\libstdc++.a(si_class_type_info.o)
                0x0041c4c0                __cxxabiv1::__si_class_type_info::~__si_class_type_info()
                0x0041c4c0                __cxxabiv1::__si_class_type_info::~__si_class_type_info()
 .text$_ZN10__cxxabiv121__vmi_class_type_infoD0Ev
                0x0041c4d0       0x30 C:/Program Files/ETAS/ISOLAR-EVE3.5.0/plugins/com.etas.evetools.toolsfolder_3.5.5/Tools/MinGW/bin/../lib/gcc/i686-w64-mingw32/8.1.0\libstdc++.a(vmi_class_type_info.o)
                0x0041c4d0                __cxxabiv1::__vmi_class_type_info::~__vmi_class_type_info()
 .text$_ZN10__cxxabiv121__vmi_class_type_infoD2Ev
                0x0041c500       0x10 C:/Program Files/ETAS/ISOLAR-EVE3.5.0/plugins/com.etas.evetools.toolsfolder_3.5.5/Tools/MinGW/bin/../lib/gcc/i686-w64-mingw32/8.1.0\libstdc++.a(vmi_class_type_info.o)
                0x0041c500                __cxxabiv1::__vmi_class_type_info::~__vmi_class_type_info()
                0x0041c500                __cxxabiv1::__vmi_class_type_info::~__vmi_class_type_info()
 .text$_ZN10vrtaDevice17GetPersistentDataEv
                0x0041c510       0x10 RTAOS.lib(vrtaCore.o)
                0x0041c510                vrtaDevice::GetPersistentData()
 .text$_ZN10vrtaDevice17SetPersistentDataEPht
                0x0041c520       0x10 RTAOS.lib(vrtaCore.o)
                0x0041c520                vrtaDevice::SetPersistentData(unsigned char*, unsigned short)
 .text$_ZN10vrtaDevice21GetPersistentDataSizeEv
                0x0041c530       0x10 RTAOS.lib(vrtaCore.o)
                0x0041c530                vrtaDevice::GetPersistentDataSize()
 .text$_ZN10vrtaSensor17GetPersistentDataEv
                0x0041c540       0x40 RTAOS.lib(vrtaSampleDevices.o)
                0x0041c540                vrtaSensor::GetPersistentData()
 .text$_ZN10vrtaSensor21GetPersistentDataSizeEv
                0x0041c580       0x10 RTAOS.lib(vrtaSampleDevices.o)
                0x0041c580                vrtaSensor::GetPersistentDataSize()
 .text$_ZN10vrtaSensor8StartingEv
                0x0041c590       0x10 RTAOS.lib(vrtaSampleDevices.o)
                0x0041c590                vrtaSensor::Starting()
 .text$_ZN10vrtaSensor8StoppingEv
                0x0041c5a0       0x10 RTAOS.lib(vrtaSampleDevices.o)
                0x0041c5a0                vrtaSensor::Stopping()
 .text$_ZN11vrtaCompare17GetPersistentDataEv
                0x0041c5b0       0x10 RTAOS.lib(vrtaSampleDevices.o)
                0x0041c5b0                vrtaCompare::GetPersistentData()
 .text$_ZN11vrtaCompare21GetPersistentDataSizeEv
                0x0041c5c0       0x10 RTAOS.lib(vrtaSampleDevices.o)
                0x0041c5c0                vrtaCompare::GetPersistentDataSize()
 .text$_ZN11vrtaCompare8StartingEv
                0x0041c5d0       0x10 RTAOS.lib(vrtaSampleDevices.o)
                0x0041c5d0                vrtaCompare::Starting()
 .text$_ZN11vrtaCompare8StoppingEv